Archive member included to satisfy reference by file (symbol)

c:/progra~2/gnuarm~1/102020~1/bin/../lib/gcc/arm-none-eabi/10.2.1/thumb/v6-m/nofp\libgcc.a(_dvmd_tls.o)
                              CMakeFiles/maple_pio.dir/C_/Users/Mackie/Pico/pico-sdk/src/rp2_common/pico_divider/divider.S.obj (__aeabi_idiv0)
c:/progra~2/gnuarm~1/102020~1/bin/../lib/gcc/arm-none-eabi/10.2.1/../../../../arm-none-eabi/lib/thumb/v6-m/nofp\libc.a(lib_a-calloc.o)
                              CMakeFiles/maple_pio.dir/C_/Users/Mackie/Pico/pico-sdk/src/rp2_common/pico_malloc/pico_malloc.c.obj (calloc)
c:/progra~2/gnuarm~1/102020~1/bin/../lib/gcc/arm-none-eabi/10.2.1/../../../../arm-none-eabi/lib/thumb/v6-m/nofp\libc.a(lib_a-callocr.o)
                              c:/progra~2/gnuarm~1/102020~1/bin/../lib/gcc/arm-none-eabi/10.2.1/../../../../arm-none-eabi/lib/thumb/v6-m/nofp\libc.a(lib_a-calloc.o) (_calloc_r)
c:/progra~2/gnuarm~1/102020~1/bin/../lib/gcc/arm-none-eabi/10.2.1/../../../../arm-none-eabi/lib/thumb/v6-m/nofp\libc.a(lib_a-impure.o)
                              c:/progra~2/gnuarm~1/102020~1/bin/../lib/gcc/arm-none-eabi/10.2.1/../../../../arm-none-eabi/lib/thumb/v6-m/nofp\libc.a(lib_a-calloc.o) (_impure_ptr)
c:/progra~2/gnuarm~1/102020~1/bin/../lib/gcc/arm-none-eabi/10.2.1/../../../../arm-none-eabi/lib/thumb/v6-m/nofp\libc.a(lib_a-init.o)
                              c:/progra~2/gnuarm~1/102020~1/bin/../lib/gcc/arm-none-eabi/10.2.1/../../../../arm-none-eabi/lib/thumb/v6-m/nofp/crt0.o (__libc_init_array)
c:/progra~2/gnuarm~1/102020~1/bin/../lib/gcc/arm-none-eabi/10.2.1/../../../../arm-none-eabi/lib/thumb/v6-m/nofp\libc.a(lib_a-malloc.o)
                              CMakeFiles/maple_pio.dir/C_/Users/Mackie/Pico/pico-sdk/src/rp2_common/pico_malloc/pico_malloc.c.obj (malloc)
c:/progra~2/gnuarm~1/102020~1/bin/../lib/gcc/arm-none-eabi/10.2.1/../../../../arm-none-eabi/lib/thumb/v6-m/nofp\libc.a(lib_a-mallocr.o)
                              c:/progra~2/gnuarm~1/102020~1/bin/../lib/gcc/arm-none-eabi/10.2.1/../../../../arm-none-eabi/lib/thumb/v6-m/nofp\libc.a(lib_a-callocr.o) (_malloc_r)
c:/progra~2/gnuarm~1/102020~1/bin/../lib/gcc/arm-none-eabi/10.2.1/../../../../arm-none-eabi/lib/thumb/v6-m/nofp\libc.a(lib_a-memcmp.o)
                              CMakeFiles/maple_pio.dir/src/format.c.obj (memcmp)
c:/progra~2/gnuarm~1/102020~1/bin/../lib/gcc/arm-none-eabi/10.2.1/../../../../arm-none-eabi/lib/thumb/v6-m/nofp\libc.a(lib_a-mlock.o)
                              c:/progra~2/gnuarm~1/102020~1/bin/../lib/gcc/arm-none-eabi/10.2.1/../../../../arm-none-eabi/lib/thumb/v6-m/nofp\libc.a(lib_a-mallocr.o) (__malloc_lock)
c:/progra~2/gnuarm~1/102020~1/bin/../lib/gcc/arm-none-eabi/10.2.1/../../../../arm-none-eabi/lib/thumb/v6-m/nofp\libc.a(lib_a-sbrkr.o)
                              c:/progra~2/gnuarm~1/102020~1/bin/../lib/gcc/arm-none-eabi/10.2.1/../../../../arm-none-eabi/lib/thumb/v6-m/nofp\libc.a(lib_a-mallocr.o) (_sbrk_r)
c:/progra~2/gnuarm~1/102020~1/bin/../lib/gcc/arm-none-eabi/10.2.1/../../../../arm-none-eabi/lib/thumb/v6-m/nofp\libc.a(lib_a-strlen-stub.o)
                              CMakeFiles/maple_pio.dir/C_/Users/Mackie/Pico/pico-sdk/src/rp2_common/pico_stdio/stdio.c.obj (strlen)
c:/progra~2/gnuarm~1/102020~1/bin/../lib/gcc/arm-none-eabi/10.2.1/../../../../arm-none-eabi/lib/thumb/v6-m/nofp\libc.a(lib_a-freer.o)
                              c:/progra~2/gnuarm~1/102020~1/bin/../lib/gcc/arm-none-eabi/10.2.1/../../../../arm-none-eabi/lib/thumb/v6-m/nofp\libc.a(lib_a-malloc.o) (_free_r)
c:/progra~2/gnuarm~1/102020~1/bin/../lib/gcc/arm-none-eabi/10.2.1/../../../../arm-none-eabi/lib/thumb/v6-m/nofp\libc.a(lib_a-lock.o)
                              c:/progra~2/gnuarm~1/102020~1/bin/../lib/gcc/arm-none-eabi/10.2.1/../../../../arm-none-eabi/lib/thumb/v6-m/nofp\libc.a(lib_a-mlock.o) (__retarget_lock_acquire_recursive)
c:/progra~2/gnuarm~1/102020~1/bin/../lib/gcc/arm-none-eabi/10.2.1/../../../../arm-none-eabi/lib/thumb/v6-m/nofp\libc.a(lib_a-reent.o)
                              c:/progra~2/gnuarm~1/102020~1/bin/../lib/gcc/arm-none-eabi/10.2.1/../../../../arm-none-eabi/lib/thumb/v6-m/nofp\libc.a(lib_a-sbrkr.o) (errno)

Discarded input sections

 .text          0x00000000        0x0 c:/progra~2/gnuarm~1/102020~1/bin/../lib/gcc/arm-none-eabi/10.2.1/thumb/v6-m/nofp/crti.o
 .data          0x00000000        0x0 c:/progra~2/gnuarm~1/102020~1/bin/../lib/gcc/arm-none-eabi/10.2.1/thumb/v6-m/nofp/crti.o
 .bss           0x00000000        0x0 c:/progra~2/gnuarm~1/102020~1/bin/../lib/gcc/arm-none-eabi/10.2.1/thumb/v6-m/nofp/crti.o
 .data          0x00000000        0x4 c:/progra~2/gnuarm~1/102020~1/bin/../lib/gcc/arm-none-eabi/10.2.1/thumb/v6-m/nofp/crtbegin.o
 .rodata        0x00000000       0x24 c:/progra~2/gnuarm~1/102020~1/bin/../lib/gcc/arm-none-eabi/10.2.1/thumb/v6-m/nofp/crtbegin.o
 .fini_array    0x00000000        0x4 c:/progra~2/gnuarm~1/102020~1/bin/../lib/gcc/arm-none-eabi/10.2.1/thumb/v6-m/nofp/crtbegin.o
[...]
Memory Configuration

Name             Origin             Length             Attributes
FLASH            0x10000000         0x00200000         xr
RAM              0x20000000         0x00040000         xrw
SCRATCH_X        0x20040000         0x00001000         xrw
SCRATCH_Y        0x20041000         0x00001000         xrw
*default*        0x00000000         0xffffffff

Linker script and memory map

LOAD c:/progra~2/gnuarm~1/102020~1/bin/../lib/gcc/arm-none-eabi/10.2.1/thumb/v6-m/nofp/crti.o
LOAD c:/progra~2/gnuarm~1/102020~1/bin/../lib/gcc/arm-none-eabi/10.2.1/thumb/v6-m/nofp/crtbegin.o
LOAD c:/progra~2/gnuarm~1/102020~1/bin/../lib/gcc/arm-none-eabi/10.2.1/../../../../arm-none-eabi/lib/thumb/v6-m/nofp/crt0.o

.flash_begin    0x10000000        0x0
                0x10000000                __flash_binary_start = .

.boot2          0x10000000      0x100
                0x10000000                __boot2_start__ = .
 *(.boot2)
 .boot2         0x10000000      0x100 C:\Users\Mackie\AppData\Local\Temp\ccYNxqLP.o
                0x10000100                __boot2_end__ = .
                0x00000001                ASSERT (((__boot2_end__ - __boot2_start__) == 0x100), ERROR: Pico second stage bootloader must be 256 bytes in size)

.text           0x10000100     0x50c8
                0x10000100                __logical_binary_start = .
 *(.vectors)
 .vectors       0x10000100       0xd4 CMakeFiles/maple_pio.dir/C_/Users/Mackie/Pico/pico-sdk/src/rp2_common/pico_standard_link/crt0.S.obj
                0x10000100                __VECTOR_TABLE
                0x10000100                __vectors
                0x100001c0                isr_invalid
                0x100001c0                __default_isrs_start
                0x100001c2                isr_nmi
                0x100001c4                isr_hardfault
                0x100001c6                isr_svcall
                0x100001c8                isr_pendsv
                0x100001ca                isr_systick
                0x100001cc                isr_irq23
                0x100001cc                isr_irq18
                0x100001cc                isr_irq11
                0x100001cc                isr_irq28
                0x100001cc                isr_irq19
                0x100001cc                isr_irq0
                0x100001cc                isr_irq6
                0x100001cc                isr_irq5
                0x100001cc                isr_irq12
                0x100001cc                isr_irq22
                0x100001cc                isr_irq31
                0x100001cc                isr_irq17
                0x100001cc                isr_irq27
                0x100001cc                isr_irq30
                0x100001cc                isr_irq2
                0x100001cc                isr_irq10
                0x100001cc                isr_irq8
                0x100001cc                isr_irq24
                0x100001cc                isr_irq1
                0x100001cc                isr_irq7
                0x100001cc                isr_irq21
                0x100001cc                isr_irq20
                0x100001cc                isr_irq15
                0x100001cc                isr_irq25
                0x100001cc                isr_irq13
                0x100001cc                __unhandled_user_irq
                0x100001cc                isr_irq4
                0x100001cc                isr_irq16
                0x100001cc                isr_irq29
                0x100001cc                isr_irq26
                0x100001cc                __default_isrs_end
                0x100001cc                isr_irq3
                0x100001cc                isr_irq14
                0x100001cc                isr_irq9
                0x100001d2                unhandled_user_irq_num_in_r0
 *(.binary_info_header)
 .binary_info_header
                0x100001d4       0x14 CMakeFiles/maple_pio.dir/C_/Users/Mackie/Pico/pico-sdk/src/rp2_common/pico_standard_link/crt0.S.obj
                0x100001e8                __binary_info_header_end = .
 *(.reset)
 .reset         0x100001e8       0xa8 CMakeFiles/maple_pio.dir/C_/Users/Mackie/Pico/pico-sdk/src/rp2_common/pico_standard_link/crt0.S.obj
                0x100001e8                _entry_point
                0x10000266                __get_current_exception
 .reset         0x10000290       0x30 CMakeFiles/maple_pio.dir/C_/Users/Mackie/Pico/pico-sdk/src/rp2_common/pico_standard_link/binary_info.c.obj
 *(.init)
 .init          0x100002c0        0x4 c:/progra~2/gnuarm~1/102020~1/bin/../lib/gcc/arm-none-eabi/10.2.1/thumb/v6-m/nofp/crti.o
                0x100002c0                _init
 *(EXCLUDE_FILE(*libm.a: *libc.a:*lib_a-mem*.o *libgcc.a:) .text*)
 .text          0x100002c4       0x48 c:/progra~2/gnuarm~1/102020~1/bin/../lib/gcc/arm-none-eabi/10.2.1/thumb/v6-m/nofp/crtbegin.o
 .text.vibeHandler
                0x1000030c       0xe4 CMakeFiles/maple_pio.dir/src/maple.c.obj
                0x1000030c                vibeHandler
 .text.pageToggle
                0x100003f0       0x58 CMakeFiles/maple_pio.dir/src/maple.c.obj
                0x100003f0                pageToggle
 .text.adc_gpio_init
                0x10000448       0x20 CMakeFiles/maple_pio.dir/src/maple.c.obj
 .text.BuildInfoPacket
                0x10000468       0x74 CMakeFiles/maple_pio.dir/src/maple.c.obj
                0x10000468                BuildInfoPacket
 .text.BuildSubPeripheral0InfoPacket
                0x100004dc       0x7c CMakeFiles/maple_pio.dir/src/maple.c.obj
                0x100004dc                BuildSubPeripheral0InfoPacket
 .text.BuildSubPeripheral1InfoPacket
                0x10000558       0x74 CMakeFiles/maple_pio.dir/src/maple.c.obj
                0x10000558                BuildSubPeripheral1InfoPacket
 .text.BuildMemoryInfoPacket
                0x100005cc       0x5c CMakeFiles/maple_pio.dir/src/maple.c.obj
                0x100005cc                BuildMemoryInfoPacket
 .text.BuildLCDInfoPacket
                0x10000628       0x2c CMakeFiles/maple_pio.dir/src/maple.c.obj
                0x10000628                BuildLCDInfoPacket
 .text.BuildPuruPuruInfoPacket
                0x10000654       0x3c CMakeFiles/maple_pio.dir/src/maple.c.obj
                0x10000654                BuildPuruPuruInfoPacket
 .text.BuildControllerPacket
                0x10000690       0x28 CMakeFiles/maple_pio.dir/src/maple.c.obj
                0x10000690                BuildControllerPacket
 .text.BuildDataPacket
                0x100006b8       0x58 CMakeFiles/maple_pio.dir/src/maple.c.obj
                0x100006b8                BuildDataPacket
 .text.SendControllerStatus
                0x10000710      0x2a4 CMakeFiles/maple_pio.dir/src/maple.c.obj
                0x10000710                SendControllerStatus
 .text.SendBlockReadResponsePacket
                0x100009b4       0xfc CMakeFiles/maple_pio.dir/src/maple.c.obj
                0x100009b4                SendBlockReadResponsePacket
 .text.BlockWrite
                0x10000ab0       0x44 CMakeFiles/maple_pio.dir/src/maple.c.obj
                0x10000ab0                BlockWrite
 .text.ConsumePacket.part.0
                0x10000af4      0x288 CMakeFiles/maple_pio.dir/src/maple.c.obj
 .text.SetupButtons
                0x10000d7c       0x3c CMakeFiles/maple_pio.dir/src/maple.c.obj
                0x10000d7c                SetupButtons
 .text.SetupMapleTX
                0x10000db8       0xe8 CMakeFiles/maple_pio.dir/src/maple.c.obj
                0x10000db8                SetupMapleTX
 .text.SetupMapleRX
                0x10000ea0      0x168 CMakeFiles/maple_pio.dir/src/maple.c.obj
                0x10000ea0                SetupMapleRX
 .text.readFlash
                0x10001008       0x40 CMakeFiles/maple_pio.dir/src/maple.c.obj
                0x10001008                readFlash
 .text.startup.main
                0x10001048      0x964 CMakeFiles/maple_pio.dir/src/maple.c.obj
                0x10001048                main
 .text.BuildStateMachineTables
                0x100019ac      0x638 CMakeFiles/maple_pio.dir/src/state_machine.c.obj
                0x100019ac                BuildStateMachineTables
 .text.CheckFormatted
                0x10001fe4      0x1a8 CMakeFiles/maple_pio.dir/src/format.c.obj
                0x10001fe4                CheckFormatted
 .text.setPixelSSD1331
                0x1000218c       0x1c CMakeFiles/maple_pio.dir/src/ssd1331.c.obj
                0x1000218c                setPixelSSD1331
 .text.updateSSD1331
                0x100021a8       0x8c CMakeFiles/maple_pio.dir/src/ssd1331.c.obj
                0x100021a8                updateSSD1331
 .text.ssd1331_init
                0x10002234      0x2e4 CMakeFiles/maple_pio.dir/src/ssd1331.c.obj
                0x10002234                ssd1331_init
 .text.UpdateDisplay
                0x10002518       0x24 CMakeFiles/maple_pio.dir/src/ssd1306.c.obj
                0x10002518                UpdateDisplay
 .text.ClearDisplay
                0x1000253c       0x38 CMakeFiles/maple_pio.dir/src/ssd1306.c.obj
                0x1000253c                ClearDisplay
 .text.setPixel1306
                0x10002574       0x3c CMakeFiles/maple_pio.dir/src/ssd1306.c.obj
                0x10002574                setPixel1306
 .text.gpio_irq_handler
                0x100025b0       0x7c CMakeFiles/maple_pio.dir/C_/Users/Mackie/Pico/pico-sdk/src/rp2_common/hardware_gpio/gpio.c.obj
 .text.gpio_set_function
                0x1000262c       0x30 CMakeFiles/maple_pio.dir/C_/Users/Mackie/Pico/pico-sdk/src/rp2_common/hardware_gpio/gpio.c.obj
                0x1000262c                gpio_set_function
 .text.gpio_set_pulls
                0x1000265c       0x30 CMakeFiles/maple_pio.dir/C_/Users/Mackie/Pico/pico-sdk/src/rp2_common/hardware_gpio/gpio.c.obj
                0x1000265c                gpio_set_pulls
 .text.gpio_set_irq_enabled_with_callback
                0x1000268c       0x78 CMakeFiles/maple_pio.dir/C_/Users/Mackie/Pico/pico-sdk/src/rp2_common/hardware_gpio/gpio.c.obj
                0x1000268c                gpio_set_irq_enabled_with_callback
 .text.gpio_acknowledge_irq
                0x10002704       0x1c CMakeFiles/maple_pio.dir/C_/Users/Mackie/Pico/pico-sdk/src/rp2_common/hardware_gpio/gpio.c.obj
                0x10002704                gpio_acknowledge_irq
 .text.gpio_set_input_enabled
                0x10002720       0x28 CMakeFiles/maple_pio.dir/C_/Users/Mackie/Pico/pico-sdk/src/rp2_common/hardware_gpio/gpio.c.obj
                0x10002720                gpio_set_input_enabled
 .text.gpio_init
                0x10002748       0x3c CMakeFiles/maple_pio.dir/C_/Users/Mackie/Pico/pico-sdk/src/rp2_common/hardware_gpio/gpio.c.obj
                0x10002748                gpio_init
 .text.hw_claim_lock
                0x10002784       0x18 CMakeFiles/maple_pio.dir/C_/Users/Mackie/Pico/pico-sdk/src/rp2_common/hardware_claim/claim.c.obj
                0x10002784                hw_claim_lock
 .text.hw_claim_unlock
                0x1000279c       0x14 CMakeFiles/maple_pio.dir/C_/Users/Mackie/Pico/pico-sdk/src/rp2_common/hardware_claim/claim.c.obj
                0x1000279c                hw_claim_unlock
 .text.hw_claim_or_assert
                0x100027b0       0x44 CMakeFiles/maple_pio.dir/C_/Users/Mackie/Pico/pico-sdk/src/rp2_common/hardware_claim/claim.c.obj
                0x100027b0                hw_claim_or_assert
 .text.hw_claim_unused_from_range
                0x100027f4       0x9c CMakeFiles/maple_pio.dir/C_/Users/Mackie/Pico/pico-sdk/src/rp2_common/hardware_claim/claim.c.obj
                0x100027f4                hw_claim_unused_from_range
 .text.running_on_fpga
                0x10002890       0x10 CMakeFiles/maple_pio.dir/C_/Users/Mackie/Pico/pico-sdk/src/rp2_common/pico_platform/platform.c.obj
                0x10002890                running_on_fpga
 .text.spin_locks_reset
                0x100028a0       0x1c CMakeFiles/maple_pio.dir/C_/Users/Mackie/Pico/pico-sdk/src/rp2_common/hardware_sync/sync.c.obj
                0x100028a0                spin_locks_reset
 .text.next_striped_spin_lock_num
                0x100028bc       0x18 CMakeFiles/maple_pio.dir/C_/Users/Mackie/Pico/pico-sdk/src/rp2_common/hardware_sync/sync.c.obj
                0x100028bc                next_striped_spin_lock_num
 .text.uart_init
                0x100028d4       0xe0 CMakeFiles/maple_pio.dir/C_/Users/Mackie/Pico/pico-sdk/src/rp2_common/hardware_uart/uart.c.obj
                0x100028d4                uart_init
 .text.timer_pool_entry_comparator
                0x100029b4       0x34 CMakeFiles/maple_pio.dir/C_/Users/Mackie/Pico/pico-sdk/src/common/pico_time/time.c.obj
                0x100029b4                timer_pool_entry_comparator
 .text.repeating_timer_callback
                0x100029e8       0x1c CMakeFiles/maple_pio.dir/C_/Users/Mackie/Pico/pico-sdk/src/common/pico_time/time.c.obj
 .text.sleep_until_callback
                0x10002a04       0x30 CMakeFiles/maple_pio.dir/C_/Users/Mackie/Pico/pico-sdk/src/common/pico_time/time.c.obj
 .text.add_alarm_under_lock.isra.0
                0x10002a34      0x100 CMakeFiles/maple_pio.dir/C_/Users/Mackie/Pico/pico-sdk/src/common/pico_time/time.c.obj
 .text.alarm_pool_alarm_callback
                0x10002b34      0x1c8 CMakeFiles/maple_pio.dir/C_/Users/Mackie/Pico/pico-sdk/src/common/pico_time/time.c.obj
 .text.alarm_pool_add_alarm_at.constprop.0
                0x10002cfc      0x11c CMakeFiles/maple_pio.dir/C_/Users/Mackie/Pico/pico-sdk/src/common/pico_time/time.c.obj
 .text.alarm_pool_init_default
                0x10002e18       0x64 CMakeFiles/maple_pio.dir/C_/Users/Mackie/Pico/pico-sdk/src/common/pico_time/time.c.obj
                0x10002e18                alarm_pool_init_default
 .text.alarm_pool_get_default
                0x10002e7c        0x8 CMakeFiles/maple_pio.dir/C_/Users/Mackie/Pico/pico-sdk/src/common/pico_time/time.c.obj
                0x10002e7c                alarm_pool_get_default
 .text.alarm_pool_add_repeating_timer_us
                0x10002e84      0x230 CMakeFiles/maple_pio.dir/C_/Users/Mackie/Pico/pico-sdk/src/common/pico_time/time.c.obj
                0x10002e84                alarm_pool_add_repeating_timer_us
 .text.sleep_until
                0x100030b4       0xac CMakeFiles/maple_pio.dir/C_/Users/Mackie/Pico/pico-sdk/src/common/pico_time/time.c.obj
                0x100030b4                sleep_until
 .text.sleep_ms
                0x10003160       0x38 CMakeFiles/maple_pio.dir/C_/Users/Mackie/Pico/pico-sdk/src/common/pico_time/time.c.obj
                0x10003160                sleep_ms
 .text.hardware_alarm_irq_handler
                0x10003198       0xb8 CMakeFiles/maple_pio.dir/C_/Users/Mackie/Pico/pico-sdk/src/rp2_common/hardware_timer/timer.c.obj
 .text.hardware_alarm_claim
                0x10003250       0x18 CMakeFiles/maple_pio.dir/C_/Users/Mackie/Pico/pico-sdk/src/rp2_common/hardware_timer/timer.c.obj
                0x10003250                hardware_alarm_claim
 .text.time_us_64
                0x10003268       0x14 CMakeFiles/maple_pio.dir/C_/Users/Mackie/Pico/pico-sdk/src/rp2_common/hardware_timer/timer.c.obj
                0x10003268                time_us_64
 .text.busy_wait_until
                0x1000327c       0x20 CMakeFiles/maple_pio.dir/C_/Users/Mackie/Pico/pico-sdk/src/rp2_common/hardware_timer/timer.c.obj
                0x1000327c                busy_wait_until
 .text.hardware_alarm_set_callback
                0x1000329c       0x8c CMakeFiles/maple_pio.dir/C_/Users/Mackie/Pico/pico-sdk/src/rp2_common/hardware_timer/timer.c.obj
                0x1000329c                hardware_alarm_set_callback
 .text.hardware_alarm_set_target
                0x10003328       0xe0 CMakeFiles/maple_pio.dir/C_/Users/Mackie/Pico/pico-sdk/src/rp2_common/hardware_timer/timer.c.obj
                0x10003328                hardware_alarm_set_target
 .text.hardware_alarm_cancel
                0x10003408       0x3c CMakeFiles/maple_pio.dir/C_/Users/Mackie/Pico/pico-sdk/src/rp2_common/hardware_timer/timer.c.obj
                0x10003408                hardware_alarm_cancel
 .text.lock_init
                0x10003444       0x10 CMakeFiles/maple_pio.dir/C_/Users/Mackie/Pico/pico-sdk/src/common/pico_sync/lock_core.c.obj
                0x10003444                lock_init
 .text.mutex_init
                0x10003454       0x1c CMakeFiles/maple_pio.dir/C_/Users/Mackie/Pico/pico-sdk/src/common/pico_sync/mutex.c.obj
                0x10003454                mutex_init
 .text.recursive_mutex_init
                0x10003470       0x1c CMakeFiles/maple_pio.dir/C_/Users/Mackie/Pico/pico-sdk/src/common/pico_sync/mutex.c.obj
                0x10003470                recursive_mutex_init
 .text.ph_merge_nodes
                0x1000348c       0x68 CMakeFiles/maple_pio.dir/C_/Users/Mackie/Pico/pico-sdk/src/common/pico_util/pheap.c.obj
 .text.ph_post_alloc_init
                0x100034f4       0x3c CMakeFiles/maple_pio.dir/C_/Users/Mackie/Pico/pico-sdk/src/common/pico_util/pheap.c.obj
                0x100034f4                ph_post_alloc_init
 .text.ph_merge_two_pass
                0x10003530       0x90 CMakeFiles/maple_pio.dir/C_/Users/Mackie/Pico/pico-sdk/src/common/pico_util/pheap.c.obj
                0x10003530                ph_merge_two_pass
 .text.ph_remove_any_head
                0x100035c0       0xf8 CMakeFiles/maple_pio.dir/C_/Users/Mackie/Pico/pico-sdk/src/common/pico_util/pheap.c.obj
 .text.ph_remove_head
                0x100036b8       0xfc CMakeFiles/maple_pio.dir/C_/Users/Mackie/Pico/pico-sdk/src/common/pico_util/pheap.c.obj
                0x100036b8                ph_remove_head
 .text.ph_remove_and_free_node
                0x100037b4       0x7c CMakeFiles/maple_pio.dir/C_/Users/Mackie/Pico/pico-sdk/src/common/pico_util/pheap.c.obj
                0x100037b4                ph_remove_and_free_node
 .text.runtime_init
                0x10003830      0x100 CMakeFiles/maple_pio.dir/C_/Users/Mackie/Pico/pico-sdk/src/rp2_common/pico_runtime/runtime.c.obj
                0x10003830                runtime_init
 .text.exit     0x10003930        0x4 CMakeFiles/maple_pio.dir/C_/Users/Mackie/Pico/pico-sdk/src/rp2_common/pico_runtime/runtime.c.obj
                0x10003930                exit
 .text.panic    0x10003934       0x30 CMakeFiles/maple_pio.dir/C_/Users/Mackie/Pico/pico-sdk/src/rp2_common/pico_runtime/runtime.c.obj
                0x10003934                panic
 .text.hard_assertion_failure
                0x10003964        0xc CMakeFiles/maple_pio.dir/C_/Users/Mackie/Pico/pico-sdk/src/rp2_common/pico_runtime/runtime.c.obj
                0x10003964                hard_assertion_failure
 .text.clocks_init
                0x10003970      0x2bc CMakeFiles/maple_pio.dir/C_/Users/Mackie/Pico/pico-sdk/src/rp2_common/hardware_clocks/clocks.c.obj
                0x10003970                clocks_init
 .text.clock_get_hz
                0x10003c2c        0xc CMakeFiles/maple_pio.dir/C_/Users/Mackie/Pico/pico-sdk/src/rp2_common/hardware_clocks/clocks.c.obj
                0x10003c2c                clock_get_hz
 .text.irq_set_enabled
                0x10003c38       0x24 CMakeFiles/maple_pio.dir/C_/Users/Mackie/Pico/pico-sdk/src/rp2_common/hardware_irq/irq.c.obj
                0x10003c38                irq_set_enabled
 .text.irq_is_enabled
                0x10003c5c       0x18 CMakeFiles/maple_pio.dir/C_/Users/Mackie/Pico/pico-sdk/src/rp2_common/hardware_irq/irq.c.obj
                0x10003c5c                irq_is_enabled
 .text.irq_get_vtable_handler
                0x10003c74       0x10 CMakeFiles/maple_pio.dir/C_/Users/Mackie/Pico/pico-sdk/src/rp2_common/hardware_irq/irq.c.obj
                0x10003c74                irq_get_vtable_handler
 .text.irq_set_exclusive_handler
                0x10003c84       0x54 CMakeFiles/maple_pio.dir/C_/Users/Mackie/Pico/pico-sdk/src/rp2_common/hardware_irq/irq.c.obj
                0x10003c84                irq_set_exclusive_handler
 .text.irq_remove_handler
                0x10003cd8      0x1b4 CMakeFiles/maple_pio.dir/C_/Users/Mackie/Pico/pico-sdk/src/rp2_common/hardware_irq/irq.c.obj
                0x10003cd8                irq_remove_handler
 .text.irq_add_tail_to_free_list
                0x10003e8c       0xb4 CMakeFiles/maple_pio.dir/C_/Users/Mackie/Pico/pico-sdk/src/rp2_common/hardware_irq/irq.c.obj
                0x10003e8c                irq_add_tail_to_free_list
 .text.irq_init_priorities
                0x10003f40       0x38 CMakeFiles/maple_pio.dir/C_/Users/Mackie/Pico/pico-sdk/src/rp2_common/hardware_irq/irq.c.obj
                0x10003f40                irq_init_priorities
 .text.pll_init
                0x10003f78       0xa8 CMakeFiles/maple_pio.dir/C_/Users/Mackie/Pico/pico-sdk/src/rp2_common/hardware_pll/pll.c.obj
                0x10003f78                pll_init
 .text.watchdog_start_tick
                0x10004020       0x10 CMakeFiles/maple_pio.dir/C_/Users/Mackie/Pico/pico-sdk/src/rp2_common/hardware_watchdog/watchdog.c.obj
                0x10004020                watchdog_start_tick
 .text.xosc_init
                0x10004030       0x28 CMakeFiles/maple_pio.dir/C_/Users/Mackie/Pico/pico-sdk/src/rp2_common/hardware_xosc/xosc.c.obj
                0x10004030                xosc_init
 .text._out_char
                0x10004058       0x10 CMakeFiles/maple_pio.dir/C_/Users/Mackie/Pico/pico-sdk/src/rp2_common/pico_printf/printf.c.obj
 .text.weak_raw_vprintf
                0x10004068       0x30 CMakeFiles/maple_pio.dir/C_/Users/Mackie/Pico/pico-sdk/src/rp2_common/pico_printf/printf.c.obj
                0x10004068                weak_raw_vprintf
 .text          0x10004098       0x10 CMakeFiles/maple_pio.dir/C_/Users/Mackie/Pico/pico-sdk/src/rp2_common/pico_bit_ops/bit_ops_aeabi.S.obj
 .text.clzsi    0x100040a8        0xc CMakeFiles/maple_pio.dir/C_/Users/Mackie/Pico/pico-sdk/src/rp2_common/pico_bit_ops/bit_ops_aeabi.S.obj
                0x100040a8                __wrap___clzsi2
                0x100040a8                __wrap___clzl
                0x100040a8                __wrap___clz
 .text.ctzsi    0x100040b4        0xc CMakeFiles/maple_pio.dir/C_/Users/Mackie/Pico/pico-sdk/src/rp2_common/pico_bit_ops/bit_ops_aeabi.S.obj
                0x100040b4                __wrap___ctzsi2
 .text.rom_func_lookup
                0x100040c0       0x10 CMakeFiles/maple_pio.dir/C_/Users/Mackie/Pico/pico-sdk/src/rp2_common/pico_bootrom/bootrom.c.obj
                0x100040c0                rom_func_lookup
 .text.rom_data_lookup
                0x100040d0       0x10 CMakeFiles/maple_pio.dir/C_/Users/Mackie/Pico/pico-sdk/src/rp2_common/pico_bootrom/bootrom.c.obj
                0x100040d0                rom_data_lookup
 .text.rom_funcs_lookup
                0x100040e0       0x44 CMakeFiles/maple_pio.dir/C_/Users/Mackie/Pico/pico-sdk/src/rp2_common/pico_bootrom/bootrom.c.obj
                0x100040e0                rom_funcs_lookup
 .text.__wrap___aeabi_idiv
                0x10004124       0x50 CMakeFiles/maple_pio.dir/C_/Users/Mackie/Pico/pico-sdk/src/rp2_common/pico_divider/divider.S.obj
                0x10004124                __wrap___aeabi_idivmod
                0x10004124                divmod_s32s32
                0x10004124                div_s32s32
                0x10004124                __wrap___aeabi_idiv
                0x1000412c                divmod_s32s32_unsafe
                0x10004158                divmod_s32s32_savestate
 .text.__wrap___aeabi_uidiv
                0x10004174       0x4c CMakeFiles/maple_pio.dir/C_/Users/Mackie/Pico/pico-sdk/src/rp2_common/pico_divider/divider.S.obj
                0x10004174                __wrap___aeabi_uidiv
                0x10004174                __wrap___aeabi_uidivmod
                0x10004174                div_u32u32
                0x10004174                divmod_u32u32
                0x1000417c                divmod_u32u32_unsafe
                0x100041a4                divmod_u32u32_savestate
 .text.__wrap___aeabi_ldiv
                0x100041c0      0x430 CMakeFiles/maple_pio.dir/C_/Users/Mackie/Pico/pico-sdk/src/rp2_common/pico_divider/divider.S.obj
                0x100041c0                div_s64s64
                0x100041c0                divmod_s64s64
                0x100041c0                __wrap___aeabi_ldivmod
                0x100041f8                divmod_u64u64
                0x100041f8                div_u64u64
                0x100041f8                __wrap___aeabi_uldivmod
                0x10004208                divmod_u64u64_savestate
                0x10004230                divmod_s64s64_unsafe
                0x100042b8                divmod_u64u64_unsafe
 .text.__aeabi_double_init
                0x100045f0       0x80 CMakeFiles/maple_pio.dir/C_/Users/Mackie/Pico/pico-sdk/src/rp2_common/pico_double/double_init_rom.c.obj
                0x100045f0                __aeabi_double_init
 .text.double_table_shim_on_use_helper
                0x10004670       0x2c CMakeFiles/maple_pio.dir/C_/Users/Mackie/Pico/pico-sdk/src/rp2_common/pico_double/double_v1_rom_shim.S.obj
                0x10004670                double_table_shim_on_use_helper
 .text.__aeabi_lmul
                0x1000469c       0x32 CMakeFiles/maple_pio.dir/C_/Users/Mackie/Pico/pico-sdk/src/rp2_common/pico_int64_ops/pico_int64_ops_aeabi.S.obj
                0x1000469c                __wrap___aeabi_lmul
 *fill*         0x100046ce        0x2 
 .text.__aeabi_float_init
                0x100046d0       0x64 CMakeFiles/maple_pio.dir/C_/Users/Mackie/Pico/pico-sdk/src/rp2_common/pico_float/float_init_rom.c.obj
                0x100046d0                __aeabi_float_init
 .text.float_table_shim_on_use_helper
                0x10004734       0x2c CMakeFiles/maple_pio.dir/C_/Users/Mackie/Pico/pico-sdk/src/rp2_common/pico_float/float_v1_rom_shim.S.obj
                0x10004734                float_table_shim_on_use_helper
 .text          0x10004760       0x10 CMakeFiles/maple_pio.dir/C_/Users/Mackie/Pico/pico-sdk/src/rp2_common/pico_mem_ops/mem_ops_aeabi.S.obj
                0x10004760                __aeabi_mem_init
 .text.memset   0x10004770        0xc CMakeFiles/maple_pio.dir/C_/Users/Mackie/Pico/pico-sdk/src/rp2_common/pico_mem_ops/mem_ops_aeabi.S.obj
                0x10004770                __wrap_memset
 .text.memcpy   0x1000477c        0xc CMakeFiles/maple_pio.dir/C_/Users/Mackie/Pico/pico-sdk/src/rp2_common/pico_mem_ops/mem_ops_aeabi.S.obj
                0x1000477c                __wrap_memcpy
                0x1000477c                __wrap___aeabi_memcpy
 .text.stdio_out_chars_crlf.part.0
                0x10004788       0xa0 CMakeFiles/maple_pio.dir/C_/Users/Mackie/Pico/pico-sdk/src/rp2_common/pico_stdio/stdio.c.obj
 .text.stdio_put_string.isra.0
                0x10004828       0xfc CMakeFiles/maple_pio.dir/C_/Users/Mackie/Pico/pico-sdk/src/rp2_common/pico_stdio/stdio.c.obj
 .text.__wrap_putchar
                0x10004924       0x1c CMakeFiles/maple_pio.dir/C_/Users/Mackie/Pico/pico-sdk/src/rp2_common/pico_stdio/stdio.c.obj
                0x10004924                __wrap_putchar
 .text.__wrap_puts
                0x10004940       0x3c CMakeFiles/maple_pio.dir/C_/Users/Mackie/Pico/pico-sdk/src/rp2_common/pico_stdio/stdio.c.obj
                0x10004940                __wrap_puts
 .text.stdio_set_driver_enabled
                0x1000497c       0x3c CMakeFiles/maple_pio.dir/C_/Users/Mackie/Pico/pico-sdk/src/rp2_common/pico_stdio/stdio.c.obj
                0x1000497c                stdio_set_driver_enabled
 .text.stdio_init_all
                0x100049b8        0x8 CMakeFiles/maple_pio.dir/C_/Users/Mackie/Pico/pico-sdk/src/rp2_common/pico_stdio/stdio.c.obj
                0x100049b8                stdio_init_all
 .text.stdio_uart_out_chars
                0x100049c0       0x4c CMakeFiles/maple_pio.dir/C_/Users/Mackie/Pico/pico-sdk/src/rp2_common/pico_stdio_uart/stdio_uart.c.obj
 .text.stdio_uart_in_chars
                0x10004a0c       0x38 CMakeFiles/maple_pio.dir/C_/Users/Mackie/Pico/pico-sdk/src/rp2_common/pico_stdio_uart/stdio_uart.c.obj
                0x10004a0c                stdio_uart_in_chars
 .text.stdio_uart_init
                0x10004a44       0x48 CMakeFiles/maple_pio.dir/C_/Users/Mackie/Pico/pico-sdk/src/rp2_common/pico_stdio_uart/stdio_uart.c.obj
                0x10004a44                stdio_uart_init
 .text.core1_trampoline
                0x10004a8c        0x4 CMakeFiles/maple_pio.dir/C_/Users/Mackie/Pico/pico-sdk/src/rp2_common/pico_multicore/multicore.c.obj
 .text.core1_wrapper
                0x10004a90        0xc CMakeFiles/maple_pio.dir/C_/Users/Mackie/Pico/pico-sdk/src/rp2_common/pico_multicore/multicore.c.obj
                0x10004a90                core1_wrapper
 .text.multicore_fifo_push_blocking
                0x10004a9c       0x14 CMakeFiles/maple_pio.dir/C_/Users/Mackie/Pico/pico-sdk/src/rp2_common/pico_multicore/multicore.c.obj
                0x10004a9c                multicore_fifo_push_blocking
 .text.multicore_fifo_pop_blocking
                0x10004ab0       0x1c CMakeFiles/maple_pio.dir/C_/Users/Mackie/Pico/pico-sdk/src/rp2_common/pico_multicore/multicore.c.obj
                0x10004ab0                multicore_fifo_pop_blocking
 .text.multicore_launch_core1_raw
                0x10004acc       0x7c CMakeFiles/maple_pio.dir/C_/Users/Mackie/Pico/pico-sdk/src/rp2_common/pico_multicore/multicore.c.obj
                0x10004acc                multicore_launch_core1_raw
 .text.multicore_launch_core1
                0x10004b48       0x4c CMakeFiles/maple_pio.dir/C_/Users/Mackie/Pico/pico-sdk/src/rp2_common/pico_multicore/multicore.c.obj
                0x10004b48                multicore_launch_core1
 .text.adc_init
                0x10004b94       0x38 CMakeFiles/maple_pio.dir/C_/Users/Mackie/Pico/pico-sdk/src/rp2_common/hardware_adc/adc.c.obj
                0x10004b94                adc_init
 .text.pio_claim_unused_sm
                0x10004bcc       0x3c CMakeFiles/maple_pio.dir/C_/Users/Mackie/Pico/pico-sdk/src/rp2_common/hardware_pio/pio.c.obj
                0x10004bcc                pio_claim_unused_sm
 .text.pio_add_program
                0x10004c08       0xc8 CMakeFiles/maple_pio.dir/C_/Users/Mackie/Pico/pico-sdk/src/rp2_common/hardware_pio/pio.c.obj
                0x10004c08                pio_add_program
 .text.pio_sm_set_pins_with_mask
                0x10004cd0       0x84 CMakeFiles/maple_pio.dir/C_/Users/Mackie/Pico/pico-sdk/src/rp2_common/hardware_pio/pio.c.obj
                0x10004cd0                pio_sm_set_pins_with_mask
 .text.pio_sm_set_pindirs_with_mask
                0x10004d54       0x88 CMakeFiles/maple_pio.dir/C_/Users/Mackie/Pico/pico-sdk/src/rp2_common/hardware_pio/pio.c.obj
                0x10004d54                pio_sm_set_pindirs_with_mask
 .text.pio_sm_set_consecutive_pindirs
                0x10004ddc       0x84 CMakeFiles/maple_pio.dir/C_/Users/Mackie/Pico/pico-sdk/src/rp2_common/hardware_pio/pio.c.obj
                0x10004ddc                pio_sm_set_consecutive_pindirs
 .text.pio_sm_init
                0x10004e60       0x90 CMakeFiles/maple_pio.dir/C_/Users/Mackie/Pico/pico-sdk/src/rp2_common/hardware_pio/pio.c.obj
                0x10004e60                pio_sm_init
 .text.dma_claim_unused_channel
                0x10004ef0       0x20 CMakeFiles/maple_pio.dir/C_/Users/Mackie/Pico/pico-sdk/src/rp2_common/hardware_dma/dma.c.obj
                0x10004ef0                dma_claim_unused_channel
 .text.i2c_write_blocking
                0x10004f10       0xd0 CMakeFiles/maple_pio.dir/C_/Users/Mackie/Pico/pico-sdk/src/rp2_common/hardware_i2c/i2c.c.obj
                0x10004f10                i2c_write_blocking
 .text.spi_init
                0x10004fe0       0xf8 CMakeFiles/maple_pio.dir/C_/Users/Mackie/Pico/pico-sdk/src/rp2_common/hardware_spi/spi.c.obj
                0x10004fe0                spi_init
 .text.strlen   0x100050d8       0x5c c:/progra~2/gnuarm~1/102020~1/bin/../lib/gcc/arm-none-eabi/10.2.1/../../../../arm-none-eabi/lib/thumb/v6-m/nofp\libc.a(lib_a-strlen-stub.o)
                0x100050d8                strlen
 *(.fini)
 .fini          0x10005134        0x4 c:/progra~2/gnuarm~1/102020~1/bin/../lib/gcc/arm-none-eabi/10.2.1/thumb/v6-m/nofp/crti.o
                0x10005134                _fini
 .fini.__stub   0x10005138       0x90 linker stubs
 *crtbegin.o(.ctors)
 *crtbegin?.o(.ctors)
 *(EXCLUDE_FILE(*crtend.o *crtend?.o) .ctors)
 *(SORT_BY_NAME(.ctors.*))
 *(.ctors)
 *crtbegin.o(.dtors)
 *crtbegin?.o(.dtors)
 *(EXCLUDE_FILE(*crtend.o *crtend?.o) .dtors)
 *(SORT_BY_NAME(.dtors.*))
 *(.dtors)
 *(.eh_frame*)
 .eh_frame      0x100051c8        0x0 c:/progra~2/gnuarm~1/102020~1/bin/../lib/gcc/arm-none-eabi/10.2.1/thumb/v6-m/nofp/crtbegin.o
                0x100051c8                . = ALIGN (0x4)

.glue_7         0x100051c8        0x0
 .glue_7        0x100051c8        0x0 linker stubs

.glue_7t        0x100051c8        0x0
 .glue_7t       0x100051c8        0x0 linker stubs

.vfp11_veneer   0x100051c8        0x0
 .vfp11_veneer  0x100051c8        0x0 linker stubs

.v4_bx          0x100051c8        0x0
 .v4_bx         0x100051c8        0x0 linker stubs

.iplt           0x100051c8        0x0
 .iplt          0x100051c8        0x0 c:/progra~2/gnuarm~1/102020~1/bin/../lib/gcc/arm-none-eabi/10.2.1/thumb/v6-m/nofp/crtbegin.o

.rodata         0x100051c8     0x36c8
 *(EXCLUDE_FILE(*libm.a: *libc.a:*lib_a-mem*.o *libgcc.a:) .rodata*)
 .rodata.str1.4
                0x100051c8       0x64 CMakeFiles/maple_pio.dir/src/maple.c.obj
 .rodata.BuildInfoPacket.str1.4
                0x1000522c       0x5c CMakeFiles/maple_pio.dir/src/maple.c.obj
 .rodata.BuildSubPeripheral0InfoPacket.str1.4
                0x10005288       0x1e CMakeFiles/maple_pio.dir/src/maple.c.obj
 *fill*         0x100052a6        0x2 
 .rodata.BuildSubPeripheral1InfoPacket.str1.4
                0x100052a8       0x1e CMakeFiles/maple_pio.dir/src/maple.c.obj
 *fill*         0x100052c6        0x2 
 .rodata.ConsumePacket.part.0
                0x100052c8       0x74 CMakeFiles/maple_pio.dir/src/maple.c.obj
 .rodata.main   0x1000533c       0x30 CMakeFiles/maple_pio.dir/src/maple.c.obj
 .rodata.ButtonInfos
                0x1000536c       0x48 CMakeFiles/maple_pio.dir/src/maple.c.obj
 .rodata.maple_rx_triple1_program
                0x100053b4        0x6 CMakeFiles/maple_pio.dir/src/maple.c.obj
 *fill*         0x100053ba        0x2 
 .rodata.maple_rx_triple1_program_instructions
                0x100053bc        0x4 CMakeFiles/maple_pio.dir/src/maple.c.obj
 .rodata.maple_rx_triple2_program
                0x100053c0        0x6 CMakeFiles/maple_pio.dir/src/maple.c.obj
 *fill*         0x100053c6        0x2 
 .rodata.maple_rx_triple2_program_instructions
                0x100053c8        0x8 CMakeFiles/maple_pio.dir/src/maple.c.obj
 .rodata.maple_rx_triple3_program
                0x100053d0        0x6 CMakeFiles/maple_pio.dir/src/maple.c.obj
 *fill*         0x100053d6        0x2 
 .rodata.maple_rx_triple3_program_instructions
                0x100053d8        0x8 CMakeFiles/maple_pio.dir/src/maple.c.obj
 .rodata.maple_tx_program
                0x100053e0        0x6 CMakeFiles/maple_pio.dir/src/maple.c.obj
 *fill*         0x100053e6        0x2 
 .rodata.maple_tx_program_instructions
                0x100053e8       0x3a CMakeFiles/maple_pio.dir/src/maple.c.obj
 *fill*         0x10005422        0x2 
 .rodata.CheckFormatted.str1.4
                0x10005424        0xd CMakeFiles/maple_pio.dir/src/format.c.obj
 *fill*         0x10005431        0x3 
 .rodata        0x10005434      0x318 CMakeFiles/maple_pio.dir/src/format.c.obj
 .rodata.icon   0x1000574c     0x3000 CMakeFiles/maple_pio.dir/src/ssd1331.c.obj
                0x1000574c                icon
 .rodata.hardware_alarm_claim.str1.4
                0x1000874c       0x22 CMakeFiles/maple_pio.dir/C_/Users/Mackie/Pico/pico-sdk/src/rp2_common/hardware_timer/timer.c.obj
 *fill*         0x1000876e        0x2 
 .rodata.panic.str1.4
                0x10008770       0x12 CMakeFiles/maple_pio.dir/C_/Users/Mackie/Pico/pico-sdk/src/rp2_common/pico_runtime/runtime.c.obj
 *fill*         0x10008782        0x2 
 .rodata.hard_assertion_failure.str1.4
                0x10008784        0xc CMakeFiles/maple_pio.dir/C_/Users/Mackie/Pico/pico-sdk/src/rp2_common/pico_runtime/runtime.c.obj
 .rodata.str1.4
                0x10008790       0x40 CMakeFiles/maple_pio.dir/C_/Users/Mackie/Pico/pico-sdk/src/rp2_common/pico_standard_link/binary_info.c.obj
 .rodata.__bi_44
                0x100087d0        0xc CMakeFiles/maple_pio.dir/C_/Users/Mackie/Pico/pico-sdk/src/rp2_common/pico_standard_link/binary_info.c.obj
 .rodata.__bi_75
                0x100087dc        0xc CMakeFiles/maple_pio.dir/C_/Users/Mackie/Pico/pico-sdk/src/rp2_common/pico_standard_link/binary_info.c.obj
 .rodata.__bi_81
                0x100087e8        0xc CMakeFiles/maple_pio.dir/C_/Users/Mackie/Pico/pico-sdk/src/rp2_common/pico_standard_link/binary_info.c.obj
 .rodata.crlf_str.0
                0x100087f4        0x2 CMakeFiles/maple_pio.dir/C_/Users/Mackie/Pico/pico-sdk/src/rp2_common/pico_stdio/stdio.c.obj
 *fill*         0x100087f6        0x2 
 .rodata.str1.4
                0x100087f8       0x2c CMakeFiles/maple_pio.dir/C_/Users/Mackie/Pico/pico-sdk/src/rp2_common/pico_stdio_uart/stdio_uart.c.obj
 .rodata.__bi_28.4
                0x10008824        0xc CMakeFiles/maple_pio.dir/C_/Users/Mackie/Pico/pico-sdk/src/rp2_common/pico_stdio_uart/stdio_uart.c.obj
 .rodata.__bi_29.5
                0x10008830        0x8 CMakeFiles/maple_pio.dir/C_/Users/Mackie/Pico/pico-sdk/src/rp2_common/pico_stdio_uart/stdio_uart.c.obj
 .rodata.pio_claim_unused_sm.str1.4
                0x10008838       0x24 CMakeFiles/maple_pio.dir/C_/Users/Mackie/Pico/pico-sdk/src/rp2_common/hardware_pio/pio.c.obj
 .rodata.pio_add_program.str1.4
                0x1000885c       0x11 CMakeFiles/maple_pio.dir/C_/Users/Mackie/Pico/pico-sdk/src/rp2_common/hardware_pio/pio.c.obj
 *fill*         0x1000886d        0x3 
 .rodata.dma_claim_unused_channel.str1.4
                0x10008870       0x1e CMakeFiles/maple_pio.dir/C_/Users/Mackie/Pico/pico-sdk/src/rp2_common/hardware_dma/dma.c.obj
                0x10008890                . = ALIGN (0x4)
 *fill*         0x1000888e        0x2 
 *(SORT_BY_ALIGNMENT(SORT_BY_NAME(.flashdata*)))
                0x10008890                . = ALIGN (0x4)

.rel.dyn        0x10008890        0x0
 .rel.iplt      0x10008890        0x0 c:/progra~2/gnuarm~1/102020~1/bin/../lib/gcc/arm-none-eabi/10.2.1/thumb/v6-m/nofp/crtbegin.o

.ARM.extab
 *(.ARM.extab* .gnu.linkonce.armextab.*)
                0x10008890                __exidx_start = .

.ARM.exidx
 *(.ARM.exidx* .gnu.linkonce.armexidx.*)
                0x10008890                __exidx_end = .
                0x10008890                . = ALIGN (0x4)
                0x10008890                __binary_info_start = .

.binary_info    0x10008890       0x24
 *(.binary_info.keep.*)
 .binary_info.keep.__bi_ptr22
                0x10008890        0x4 CMakeFiles/maple_pio.dir/C_/Users/Mackie/Pico/pico-sdk/src/rp2_common/pico_standard_link/binary_info.c.obj
 .binary_info.keep.__bi_ptr30
                0x10008894        0x4 CMakeFiles/maple_pio.dir/C_/Users/Mackie/Pico/pico-sdk/src/rp2_common/pico_standard_link/binary_info.c.obj
 .binary_info.keep.__bi_ptr38
                0x10008898        0x4 CMakeFiles/maple_pio.dir/C_/Users/Mackie/Pico/pico-sdk/src/rp2_common/pico_standard_link/binary_info.c.obj
 .binary_info.keep.__bi_ptr44
                0x1000889c        0x4 CMakeFiles/maple_pio.dir/C_/Users/Mackie/Pico/pico-sdk/src/rp2_common/pico_standard_link/binary_info.c.obj
 .binary_info.keep.__bi_ptr50
                0x100088a0        0x4 CMakeFiles/maple_pio.dir/C_/Users/Mackie/Pico/pico-sdk/src/rp2_common/pico_standard_link/binary_info.c.obj
 .binary_info.keep.__bi_ptr75
                0x100088a4        0x4 CMakeFiles/maple_pio.dir/C_/Users/Mackie/Pico/pico-sdk/src/rp2_common/pico_standard_link/binary_info.c.obj
 .binary_info.keep.__bi_ptr81
                0x100088a8        0x4 CMakeFiles/maple_pio.dir/C_/Users/Mackie/Pico/pico-sdk/src/rp2_common/pico_standard_link/binary_info.c.obj
 *(.binary_info.*)
 .binary_info.__bi_ptr28
                0x100088ac        0x4 CMakeFiles/maple_pio.dir/C_/Users/Mackie/Pico/pico-sdk/src/rp2_common/pico_stdio_uart/stdio_uart.c.obj
 .binary_info.__bi_ptr29
                0x100088b0        0x4 CMakeFiles/maple_pio.dir/C_/Users/Mackie/Pico/pico-sdk/src/rp2_common/pico_stdio_uart/stdio_uart.c.obj
                0x100088b4                __binary_info_end = .
                0x100088b4                . = ALIGN (0x4)
                0x100088b4                __etext = .

.ram_vector_table
                0x20000000       0xc0
 *(.ram_vector_table)
 .ram_vector_table
                0x20000000       0xc0 CMakeFiles/maple_pio.dir/C_/Users/Mackie/Pico/pico-sdk/src/rp2_common/pico_runtime/runtime.c.obj
                0x20000000                ram_vector_table

.data           0x200000c0      0x940 load address 0x100088b4
                0x200000c0                __data_start__ = .
 *(vtable)
 *(.time_critical*)
 .time_critical.core1_entry
                0x200000c0       0xfc CMakeFiles/maple_pio.dir/src/maple.c.obj
 .time_critical.mutex_enter_blocking
                0x200001bc       0x60 CMakeFiles/maple_pio.dir/C_/Users/Mackie/Pico/pico-sdk/src/common/pico_sync/mutex.c.obj
                0x200001bc                mutex_enter_blocking
 .time_critical.mutex_try_enter
                0x2000021c       0x5c CMakeFiles/maple_pio.dir/C_/Users/Mackie/Pico/pico-sdk/src/common/pico_sync/mutex.c.obj
                0x2000021c                mutex_try_enter
 .time_critical.mutex_exit
                0x20000278       0x5c CMakeFiles/maple_pio.dir/C_/Users/Mackie/Pico/pico-sdk/src/common/pico_sync/mutex.c.obj
                0x20000278                mutex_exit
 .time_critical.spi_write_blocking
                0x200002d4       0x4c CMakeFiles/maple_pio.dir/C_/Users/Mackie/Pico/pico-sdk/src/rp2_common/hardware_spi/spi.c.obj
                0x200002d4                spi_write_blocking
 .time_critical.flash_init_boot2_copyout
                0x20000320       0x30 CMakeFiles/maple_pio.dir/C_/Users/Mackie/Pico/pico-sdk/src/rp2_common/hardware_flash/flash.c.obj
 .time_critical.flash_enable_xip_via_boot2
                0x20000350       0x10 CMakeFiles/maple_pio.dir/C_/Users/Mackie/Pico/pico-sdk/src/rp2_common/hardware_flash/flash.c.obj
 .time_critical.flash_range_erase
                0x20000360       0x70 CMakeFiles/maple_pio.dir/C_/Users/Mackie/Pico/pico-sdk/src/rp2_common/hardware_flash/flash.c.obj
                0x20000360                flash_range_erase
 .time_critical.flash_range_program
                0x200003d0       0x70 CMakeFiles/maple_pio.dir/C_/Users/Mackie/Pico/pico-sdk/src/rp2_common/hardware_flash/flash.c.obj
                0x200003d0                flash_range_program
 *(.text*)
 .text          0x20000440        0x4 c:/progra~2/gnuarm~1/102020~1/bin/../lib/gcc/arm-none-eabi/10.2.1/thumb/v6-m/nofp\libgcc.a(_dvmd_tls.o)
                0x20000440                __aeabi_idiv0
                0x20000440                __aeabi_ldiv0
 .text.memcmp   0x20000444       0x48 c:/progra~2/gnuarm~1/102020~1/bin/../lib/gcc/arm-none-eabi/10.2.1/../../../../arm-none-eabi/lib/thumb/v6-m/nofp\libc.a(lib_a-memcmp.o)
                0x20000444                memcmp
 *fill*         0x2000048c        0x4 
 .text.memcmp.__stub
                0x20000490       0x70 linker stubs
                0x20000500                . = ALIGN (0x4)
 *(.rodata*)
                0x20000500                . = ALIGN (0x4)
 *(.data*)
 .data.CurrentPage
                0x20000500        0x4 CMakeFiles/maple_pio.dir/src/maple.c.obj
 .data.MessagesSinceWrite
                0x20000504        0x4 CMakeFiles/maple_pio.dir/src/maple.c.obj
 .data.SendBlockAddress
                0x20000508        0x4 CMakeFiles/maple_pio.dir/src/maple.c.obj
 .data.colorOLED
                0x2000050c        0x1 CMakeFiles/maple_pio.dir/src/maple.c.obj
                0x2000050c                colorOLED
 *fill*         0x2000050d        0x3 
 .data.palette  0x20000510       0x10 CMakeFiles/maple_pio.dir/src/maple.c.obj
                0x20000510                palette
 .data.Framebuffer
                0x20000520        0x4 CMakeFiles/maple_pio.dir/src/ssd1306.c.obj
                0x20000520                Framebuffer
 .data._Framebuffer
                0x20000524      0x401 CMakeFiles/maple_pio.dir/src/ssd1306.c.obj
                0x20000524                _Framebuffer
 .data.striped_spin_lock_num
                0x20000925        0x1 CMakeFiles/maple_pio.dir/C_/Users/Mackie/Pico/pico-sdk/src/rp2_common/hardware_sync/sync.c.obj
 *fill*         0x20000926        0x2 
 .data.default_alarm_pool
                0x20000928       0x18 CMakeFiles/maple_pio.dir/C_/Users/Mackie/Pico/pico-sdk/src/common/pico_time/time.c.obj
 .data.default_alarm_pool_heap
                0x20000940       0x10 CMakeFiles/maple_pio.dir/C_/Users/Mackie/Pico/pico-sdk/src/common/pico_time/time.c.obj
 .data          0x20000950       0x48 CMakeFiles/maple_pio.dir/C_/Users/Mackie/Pico/pico-sdk/src/rp2_common/hardware_irq/irq_handler_chain.S.obj
                0x20000950                irq_handler_chain_slots
                0x20000980                irq_handler_chain_first_slot
                0x2000098a                irq_handler_chain_remove_tail
 *fill*         0x20000998        0x8 
 .data.aeabi_bits_funcs
                0x200009a0       0x10 CMakeFiles/maple_pio.dir/C_/Users/Mackie/Pico/pico-sdk/src/rp2_common/pico_bit_ops/bit_ops_aeabi.S.obj
                0x200009a0                aeabi_bits_funcs
                0x200009b0                aeabi_bits_funcs_end
 .data.aeabi_mem_funcs
                0x200009b0       0x10 CMakeFiles/maple_pio.dir/C_/Users/Mackie/Pico/pico-sdk/src/rp2_common/pico_mem_ops/mem_ops_aeabi.S.obj
                0x200009b0                aeabi_mem_funcs
                0x200009c0                aeabi_mem_funcs_end
 .data.stdio_uart
                0x200009c0       0x14 CMakeFiles/maple_pio.dir/C_/Users/Mackie/Pico/pico-sdk/src/rp2_common/pico_stdio_uart/stdio_uart.c.obj
                0x200009c0                stdio_uart
 .data.i2c1_inst
                0x200009d4        0x8 CMakeFiles/maple_pio.dir/C_/Users/Mackie/Pico/pico-sdk/src/rp2_common/hardware_i2c/i2c.c.obj
                0x200009d4                i2c1_inst
                0x200009dc                . = ALIGN (0x4)
 *(.after_data.*)
                0x200009dc                . = ALIGN (0x4)
                0x200009dc                PROVIDE (__mutex_array_start = .)
 *(SORT_BY_NAME(.mutex_array.*))
 *(.mutex_array)
 .mutex_array   0x200009dc        0x8 CMakeFiles/maple_pio.dir/C_/Users/Mackie/Pico/pico-sdk/src/rp2_common/pico_malloc/pico_malloc.c.obj
 .mutex_array   0x200009e4        0x8 CMakeFiles/maple_pio.dir/C_/Users/Mackie/Pico/pico-sdk/src/rp2_common/pico_stdio/stdio.c.obj
                0x200009ec                PROVIDE (__mutex_array_end = .)
                0x200009ec                . = ALIGN (0x4)
                0x200009ec                PROVIDE (__preinit_array_start = .)
 *(SORT_BY_NAME(.preinit_array.*))
 .preinit_array.00001
                0x200009ec        0x4 CMakeFiles/maple_pio.dir/C_/Users/Mackie/Pico/pico-sdk/src/rp2_common/pico_mem_ops/mem_ops_aeabi.S.obj
 .preinit_array.00010
                0x200009f0        0x4 CMakeFiles/maple_pio.dir/C_/Users/Mackie/Pico/pico-sdk/src/rp2_common/pico_bit_ops/bit_ops_aeabi.S.obj
 .preinit_array.00020
                0x200009f4        0x4 CMakeFiles/maple_pio.dir/C_/Users/Mackie/Pico/pico-sdk/src/rp2_common/pico_double/double_aeabi.S.obj
 .preinit_array.00020
                0x200009f8        0x4 CMakeFiles/maple_pio.dir/C_/Users/Mackie/Pico/pico-sdk/src/rp2_common/pico_float/float_aeabi.S.obj
 *(.preinit_array)
                0x200009fc                PROVIDE (__preinit_array_end = .)
                0x200009fc                . = ALIGN (0x4)
                0x200009fc                PROVIDE (__init_array_start = .)
 *(SORT_BY_NAME(.init_array.*))
 *(.init_array)
 .init_array    0x200009fc        0x4 c:/progra~2/gnuarm~1/102020~1/bin/../lib/gcc/arm-none-eabi/10.2.1/thumb/v6-m/nofp/crtbegin.o
                0x20000a00                PROVIDE (__init_array_end = .)
                0x20000a00                . = ALIGN (0x4)
                [!provide]                PROVIDE (__fini_array_start = .)
 *(SORT_BY_NAME(.fini_array.*))
 *(.fini_array)
                [!provide]                PROVIDE (__fini_array_end = .)
 *(.jcr)
                0x20000a00                . = ALIGN (0x4)
                0x20000a00                __data_end__ = .

.igot.plt       0x20000a00        0x0 load address 0x100091f4
 .igot.plt      0x20000a00        0x0 c:/progra~2/gnuarm~1/102020~1/bin/../lib/gcc/arm-none-eabi/10.2.1/thumb/v6-m/nofp/crtbegin.o

.uninitialized_data
                0x20000a00        0x0 load address 0x100091f4
                0x20000a00                . = ALIGN (0x4)
 *(.uninitialized_data*)

.scratch_x      0x20040000        0x0 load address 0x100091f4
                0x20040000                __scratch_x_start__ = .
 *(.scratch_x.*)
                0x20040000                . = ALIGN (0x4)
                0x20040000                __scratch_x_end__ = .
                0x100091f4                __scratch_x_source__ = LOADADDR (.scratch_x)

.scratch_y      0x20041000        0x0 load address 0x100091f4
                0x20041000                __scratch_y_start__ = .
 *(.scratch_y.*)
                0x20041000                . = ALIGN (0x4)
                0x20041000                __scratch_y_end__ = .
                0x100091f4                __scratch_y_source__ = LOADADDR (.scratch_y)

.bss            0x20000a00    0x2a1d0
                0x20000a00                . = ALIGN (0x4)
                0x20000a00                __bss_start__ = .
 *(SORT_BY_ALIGNMENT(SORT_BY_NAME(.bss*)))
 .bss.DataPacket
                0x20000a00      0x214 CMakeFiles/maple_pio.dir/src/maple.c.obj
 *fill*         0x20000c14        0x4 
 .bss.PuruPuruDataPacket
                0x20000c18       0x18 CMakeFiles/maple_pio.dir/src/maple.c.obj
 .bss.default_alarm_pool_entries
                0x20000c30      0x100 CMakeFiles/maple_pio.dir/C_/Users/Mackie/Pico/pico-sdk/src/common/pico_time/time.c.obj
 .bss.sd_table  0x20000d30      0x100 CMakeFiles/maple_pio.dir/C_/Users/Mackie/Pico/pico-sdk/src/rp2_common/pico_double/double_init_rom.c.obj
                0x20000d30                sd_table
 .bss.sf_table  0x20000e30      0x100 CMakeFiles/maple_pio.dir/C_/Users/Mackie/Pico/pico-sdk/src/rp2_common/pico_float/float_init_rom.c.obj
                0x20000e30                sf_table
 .bss           0x20000f30       0x1c c:/progra~2/gnuarm~1/102020~1/bin/../lib/gcc/arm-none-eabi/10.2.1/thumb/v6-m/nofp/crtbegin.o
 .bss.ACKPacket
                0x20000f4c        0xc CMakeFiles/maple_pio.dir/src/maple.c.obj
 .bss.AST       0x20000f58        0x4 CMakeFiles/maple_pio.dir/src/maple.c.obj
 .bss.ControllerPacket
                0x20000f5c       0x18 CMakeFiles/maple_pio.dir/src/maple.c.obj
 .bss.InfoPacket
                0x20000f74       0x7c CMakeFiles/maple_pio.dir/src/maple.c.obj
 .bss.LCDFramebuffer
                0x20000ff0       0xc0 CMakeFiles/maple_pio.dir/src/maple.c.obj
 .bss.LCDInfoPacket
                0x200010b0       0x14 CMakeFiles/maple_pio.dir/src/maple.c.obj
 .bss.Machine   0x200010c4     0x5000 CMakeFiles/maple_pio.dir/src/state_machine.c.obj
                0x200010c4                Machine
 .bss.MemoryCard
                0x200060c4    0x20000 CMakeFiles/maple_pio.dir/src/maple.c.obj
 .bss.MemoryInfoPacket
                0x200260c4       0x28 CMakeFiles/maple_pio.dir/src/maple.c.obj
 .bss.NumStates
                0x200260ec        0x4 CMakeFiles/maple_pio.dir/src/state_machine.c.obj
 .bss.OriginalReadBlockResponseCRC
                0x200260f0        0x4 CMakeFiles/maple_pio.dir/src/maple.c.obj
 .bss.Packet    0x200260f4      0x408 CMakeFiles/maple_pio.dir/src/maple.c.obj
 .bss.PuruPuruConditionPacket
                0x200264fc       0x14 CMakeFiles/maple_pio.dir/src/maple.c.obj
 .bss.PuruPuruInfoPacket
                0x20026510       0x14 CMakeFiles/maple_pio.dir/src/maple.c.obj
 .bss.RecieveBuffer
                0x20026524     0x1000 CMakeFiles/maple_pio.dir/src/maple.c.obj
 .bss.SectorDirty
                0x20027524        0x4 CMakeFiles/maple_pio.dir/src/maple.c.obj
 .bss.SetBits   0x20027528       0x80 CMakeFiles/maple_pio.dir/src/state_machine.c.obj
                0x20027528                SetBits
 .bss.SetBitsEntries
                0x200275a8        0x4 CMakeFiles/maple_pio.dir/src/state_machine.c.obj
 .bss.States    0x200275ac      0x320 CMakeFiles/maple_pio.dir/src/state_machine.c.obj
 .bss.StickConfig
                0x200278cc       0x28 CMakeFiles/maple_pio.dir/src/maple.c.obj
 .bss.SubPeripheral0InfoPacket
                0x200278f4       0x7c CMakeFiles/maple_pio.dir/src/maple.c.obj
 .bss.SubPeripheral1InfoPacket
                0x20027970       0x7c CMakeFiles/maple_pio.dir/src/maple.c.obj
 .bss.TXDMAChannel
                0x200279ec        0x4 CMakeFiles/maple_pio.dir/src/maple.c.obj
 .bss._callbacks
                0x200279f0        0x8 CMakeFiles/maple_pio.dir/C_/Users/Mackie/Pico/pico-sdk/src/rp2_common/hardware_gpio/gpio.c.obj
 .bss._used_instruction_space
                0x200279f8        0x8 CMakeFiles/maple_pio.dir/C_/Users/Mackie/Pico/pico-sdk/src/rp2_common/hardware_pio/pio.c.obj
 .bss.alarm_callbacks
                0x20027a00       0x10 CMakeFiles/maple_pio.dir/C_/Users/Mackie/Pico/pico-sdk/src/rp2_common/hardware_timer/timer.c.obj
 .bss.boot2_copyout
                0x20027a10      0x100 CMakeFiles/maple_pio.dir/C_/Users/Mackie/Pico/pico-sdk/src/rp2_common/hardware_flash/flash.c.obj
 .bss.configured_freq
                0x20027b10       0x28 CMakeFiles/maple_pio.dir/C_/Users/Mackie/Pico/pico-sdk/src/rp2_common/hardware_clocks/clocks.c.obj
 .bss.default_alarm_pool_entry_ids_high
                0x20027b38       0x10 CMakeFiles/maple_pio.dir/C_/Users/Mackie/Pico/pico-sdk/src/common/pico_time/time.c.obj
 .bss.default_alarm_pool_heap_nodes
                0x20027b48       0x30 CMakeFiles/maple_pio.dir/C_/Users/Mackie/Pico/pico-sdk/src/common/pico_time/time.c.obj
 .bss.drivers   0x20027b78        0x4 CMakeFiles/maple_pio.dir/C_/Users/Mackie/Pico/pico-sdk/src/rp2_common/pico_stdio/stdio.c.obj
 .bss.filter    0x20027b7c        0x4 CMakeFiles/maple_pio.dir/C_/Users/Mackie/Pico/pico-sdk/src/rp2_common/pico_stdio/stdio.c.obj
 .bss.lastPress
                0x20027b80        0x4 CMakeFiles/maple_pio.dir/src/maple.c.obj
                0x20027b80                lastPress
 .bss.lazy_vsnprintf
                0x20027b84        0x4 CMakeFiles/maple_pio.dir/C_/Users/Mackie/Pico/pico-sdk/src/rp2_common/pico_printf/printf.c.obj
 .bss.oledFB    0x20027b88     0x3000 CMakeFiles/maple_pio.dir/src/ssd1331.c.obj
                0x20027b88                oledFB
 .bss.pools     0x2002ab88       0x10 CMakeFiles/maple_pio.dir/C_/Users/Mackie/Pico/pico-sdk/src/common/pico_time/time.c.obj
 .bss.sf_clz_func
                0x2002ab98        0x4 CMakeFiles/maple_pio.dir/C_/Users/Mackie/Pico/pico-sdk/src/rp2_common/pico_float/float_init_rom.c.obj
                0x2002ab98                sf_clz_func
 .bss.sleep_notifier
                0x2002ab9c        0x4 CMakeFiles/maple_pio.dir/C_/Users/Mackie/Pico/pico-sdk/src/common/pico_time/time.c.obj
 .bss.target_hi
                0x2002aba0       0x10 CMakeFiles/maple_pio.dir/C_/Users/Mackie/Pico/pico-sdk/src/rp2_common/hardware_timer/timer.c.obj
 .bss.uart_char_to_line_feed
                0x2002abb0        0x4 CMakeFiles/maple_pio.dir/C_/Users/Mackie/Pico/pico-sdk/src/rp2_common/hardware_uart/uart.c.obj
                0x2002abb0                uart_char_to_line_feed
 .bss.uart_instance
                0x2002abb4        0x4 CMakeFiles/maple_pio.dir/C_/Users/Mackie/Pico/pico-sdk/src/rp2_common/pico_stdio_uart/stdio_uart.c.obj
 .bss.vibePower.2
                0x2002abb8        0x4 CMakeFiles/maple_pio.dir/src/maple.c.obj
 .bss._claimed  0x2002abbc        0x2 CMakeFiles/maple_pio.dir/C_/Users/Mackie/Pico/pico-sdk/src/rp2_common/hardware_dma/dma.c.obj
 .bss.LCDUpdated
                0x2002abbe        0x1 CMakeFiles/maple_pio.dir/src/maple.c.obj
                0x2002abbe                LCDUpdated
 .bss.NextPacketSend
                0x2002abbf        0x1 CMakeFiles/maple_pio.dir/src/maple.c.obj
 .bss.PageCycle
                0x2002abc0        0x1 CMakeFiles/maple_pio.dir/src/maple.c.obj
                0x2002abc0                PageCycle
 .bss.VMUCycle  0x2002abc1        0x1 CMakeFiles/maple_pio.dir/src/maple.c.obj
                0x2002abc1                VMUCycle
 .bss.boot2_copyout_valid
                0x2002abc2        0x1 CMakeFiles/maple_pio.dir/C_/Users/Mackie/Pico/pico-sdk/src/rp2_common/hardware_flash/flash.c.obj
 .bss.claimed   0x2002abc3        0x1 CMakeFiles/maple_pio.dir/C_/Users/Mackie/Pico/pico-sdk/src/rp2_common/hardware_timer/timer.c.obj
 .bss.claimed   0x2002abc4        0x1 CMakeFiles/maple_pio.dir/C_/Users/Mackie/Pico/pico-sdk/src/rp2_common/hardware_pio/pio.c.obj
 .bss.ctrl      0x2002abc5        0x1 CMakeFiles/maple_pio.dir/src/maple.c.obj
 .bss.freq      0x2002abc6        0x1 CMakeFiles/maple_pio.dir/src/maple.c.obj
 .bss.inc       0x2002abc7        0x1 CMakeFiles/maple_pio.dir/src/maple.c.obj
 .bss.irq_hander_chain_free_slot_head
                0x2002abc8        0x1 CMakeFiles/maple_pio.dir/C_/Users/Mackie/Pico/pico-sdk/src/rp2_common/hardware_irq/irq.c.obj
 .bss.power     0x2002abc9        0x1 CMakeFiles/maple_pio.dir/src/maple.c.obj
 .bss.purupuruUpdated
                0x2002abca        0x1 CMakeFiles/maple_pio.dir/src/maple.c.obj
 .bss.timer_callbacks_pending
                0x2002abcb        0x1 CMakeFiles/maple_pio.dir/C_/Users/Mackie/Pico/pico-sdk/src/rp2_common/hardware_timer/timer.c.obj
 .bss.vibeFreqCount
                0x2002abcc        0x1 CMakeFiles/maple_pio.dir/src/maple.c.obj
 .bss.vibeFreqCountLimit.7
                0x2002abcd        0x1 CMakeFiles/maple_pio.dir/src/maple.c.obj
 *(COMMON)
                0x2002abd0                . = ALIGN (0x4)
 *fill*         0x2002abce        0x2 
                0x2002abd0                __bss_end__ = .

.heap           0x2002abd0      0x800
                0x2002abd0                __end__ = .
                0x2002abd0                end = __end__
 *(.heap*)
 .heap          0x2002abd0      0x800 CMakeFiles/maple_pio.dir/C_/Users/Mackie/Pico/pico-sdk/src/rp2_common/pico_standard_link/crt0.S.obj
                0x2002b3d0                __HeapLimit = .

.stack1_dummy   0x20040000      0x800
 *(.stack1*)
 .stack1        0x20040000      0x800 CMakeFiles/maple_pio.dir/C_/Users/Mackie/Pico/pico-sdk/src/rp2_common/pico_multicore/multicore.c.obj

.stack_dummy    0x20041000      0x800
 *(.stack*)
 .stack         0x20041000      0x800 CMakeFiles/maple_pio.dir/C_/Users/Mackie/Pico/pico-sdk/src/rp2_common/pico_standard_link/crt0.S.obj

.flash_end      0x100091f4        0x0
                0x100091f4                __flash_binary_end = .
                0x20040000                __StackLimit = (ORIGIN (RAM) + LENGTH (RAM))
                0x20041000                __StackOneTop = (ORIGIN (SCRATCH_X) + LENGTH (SCRATCH_X))
                0x20042000                __StackTop = (ORIGIN (SCRATCH_Y) + LENGTH (SCRATCH_Y))
                0x20040800                __StackOneBottom = (__StackOneTop - SIZEOF (.stack1_dummy))
                0x20041800                __StackBottom = (__StackTop - SIZEOF (.stack_dummy))
                0x20042000                PROVIDE (__stack = __StackTop)
                0x00000001                ASSERT ((__StackLimit >= __HeapLimit), region RAM overflowed)
                0x00000001                ASSERT (((__binary_info_header_end - __logical_binary_start) <= 0x100), Binary info must be in first 256 bytes of the binary)
LOAD CMakeFiles/maple_pio.dir/src/maple.c.obj
LOAD CMakeFiles/maple_pio.dir/src/state_machine.c.obj
LOAD CMakeFiles/maple_pio.dir/src/format.c.obj
LOAD CMakeFiles/maple_pio.dir/src/ssd1331.c.obj
LOAD CMakeFiles/maple_pio.dir/src/ssd1306.c.obj
LOAD CMakeFiles/maple_pio.dir/src/font.c.obj
LOAD CMakeFiles/maple_pio.dir/C_/Users/Mackie/Pico/pico-sdk/src/rp2_common/pico_stdlib/stdlib.c.obj
LOAD CMakeFiles/maple_pio.dir/C_/Users/Mackie/Pico/pico-sdk/src/rp2_common/hardware_gpio/gpio.c.obj
LOAD CMakeFiles/maple_pio.dir/C_/Users/Mackie/Pico/pico-sdk/src/rp2_common/hardware_claim/claim.c.obj
LOAD CMakeFiles/maple_pio.dir/C_/Users/Mackie/Pico/pico-sdk/src/rp2_common/pico_platform/platform.c.obj
LOAD CMakeFiles/maple_pio.dir/C_/Users/Mackie/Pico/pico-sdk/src/rp2_common/hardware_sync/sync.c.obj
LOAD CMakeFiles/maple_pio.dir/C_/Users/Mackie/Pico/pico-sdk/src/rp2_common/hardware_uart/uart.c.obj
LOAD CMakeFiles/maple_pio.dir/C_/Users/Mackie/Pico/pico-sdk/src/rp2_common/hardware_divider/divider.S.obj
LOAD CMakeFiles/maple_pio.dir/C_/Users/Mackie/Pico/pico-sdk/src/common/pico_time/time.c.obj
LOAD CMakeFiles/maple_pio.dir/C_/Users/Mackie/Pico/pico-sdk/src/common/pico_time/timeout_helper.c.obj
LOAD CMakeFiles/maple_pio.dir/C_/Users/Mackie/Pico/pico-sdk/src/rp2_common/hardware_timer/timer.c.obj
LOAD CMakeFiles/maple_pio.dir/C_/Users/Mackie/Pico/pico-sdk/src/common/pico_sync/sem.c.obj
LOAD CMakeFiles/maple_pio.dir/C_/Users/Mackie/Pico/pico-sdk/src/common/pico_sync/lock_core.c.obj
LOAD CMakeFiles/maple_pio.dir/C_/Users/Mackie/Pico/pico-sdk/src/common/pico_sync/mutex.c.obj
LOAD CMakeFiles/maple_pio.dir/C_/Users/Mackie/Pico/pico-sdk/src/common/pico_sync/critical_section.c.obj
LOAD CMakeFiles/maple_pio.dir/C_/Users/Mackie/Pico/pico-sdk/src/common/pico_util/datetime.c.obj
LOAD CMakeFiles/maple_pio.dir/C_/Users/Mackie/Pico/pico-sdk/src/common/pico_util/pheap.c.obj
LOAD CMakeFiles/maple_pio.dir/C_/Users/Mackie/Pico/pico-sdk/src/common/pico_util/queue.c.obj
LOAD CMakeFiles/maple_pio.dir/C_/Users/Mackie/Pico/pico-sdk/src/rp2_common/pico_runtime/runtime.c.obj
LOAD CMakeFiles/maple_pio.dir/C_/Users/Mackie/Pico/pico-sdk/src/rp2_common/hardware_clocks/clocks.c.obj
LOAD CMakeFiles/maple_pio.dir/C_/Users/Mackie/Pico/pico-sdk/src/rp2_common/hardware_irq/irq.c.obj
LOAD CMakeFiles/maple_pio.dir/C_/Users/Mackie/Pico/pico-sdk/src/rp2_common/hardware_irq/irq_handler_chain.S.obj
LOAD CMakeFiles/maple_pio.dir/C_/Users/Mackie/Pico/pico-sdk/src/rp2_common/hardware_pll/pll.c.obj
LOAD CMakeFiles/maple_pio.dir/C_/Users/Mackie/Pico/pico-sdk/src/rp2_common/hardware_vreg/vreg.c.obj
LOAD CMakeFiles/maple_pio.dir/C_/Users/Mackie/Pico/pico-sdk/src/rp2_common/hardware_watchdog/watchdog.c.obj
LOAD CMakeFiles/maple_pio.dir/C_/Users/Mackie/Pico/pico-sdk/src/rp2_common/hardware_xosc/xosc.c.obj
LOAD CMakeFiles/maple_pio.dir/C_/Users/Mackie/Pico/pico-sdk/src/rp2_common/pico_printf/printf.c.obj
LOAD CMakeFiles/maple_pio.dir/C_/Users/Mackie/Pico/pico-sdk/src/rp2_common/pico_bit_ops/bit_ops_aeabi.S.obj
LOAD CMakeFiles/maple_pio.dir/C_/Users/Mackie/Pico/pico-sdk/src/rp2_common/pico_bootrom/bootrom.c.obj
LOAD CMakeFiles/maple_pio.dir/C_/Users/Mackie/Pico/pico-sdk/src/rp2_common/pico_divider/divider.S.obj
LOAD CMakeFiles/maple_pio.dir/C_/Users/Mackie/Pico/pico-sdk/src/rp2_common/pico_double/double_aeabi.S.obj
LOAD CMakeFiles/maple_pio.dir/C_/Users/Mackie/Pico/pico-sdk/src/rp2_common/pico_double/double_init_rom.c.obj
LOAD CMakeFiles/maple_pio.dir/C_/Users/Mackie/Pico/pico-sdk/src/rp2_common/pico_double/double_math.c.obj
LOAD CMakeFiles/maple_pio.dir/C_/Users/Mackie/Pico/pico-sdk/src/rp2_common/pico_double/double_v1_rom_shim.S.obj
LOAD CMakeFiles/maple_pio.dir/C_/Users/Mackie/Pico/pico-sdk/src/rp2_common/pico_int64_ops/pico_int64_ops_aeabi.S.obj
LOAD CMakeFiles/maple_pio.dir/C_/Users/Mackie/Pico/pico-sdk/src/rp2_common/pico_float/float_aeabi.S.obj
LOAD CMakeFiles/maple_pio.dir/C_/Users/Mackie/Pico/pico-sdk/src/rp2_common/pico_float/float_init_rom.c.obj
LOAD CMakeFiles/maple_pio.dir/C_/Users/Mackie/Pico/pico-sdk/src/rp2_common/pico_float/float_math.c.obj
LOAD CMakeFiles/maple_pio.dir/C_/Users/Mackie/Pico/pico-sdk/src/rp2_common/pico_float/float_v1_rom_shim.S.obj
LOAD CMakeFiles/maple_pio.dir/C_/Users/Mackie/Pico/pico-sdk/src/rp2_common/pico_malloc/pico_malloc.c.obj
LOAD CMakeFiles/maple_pio.dir/C_/Users/Mackie/Pico/pico-sdk/src/rp2_common/pico_mem_ops/mem_ops_aeabi.S.obj
LOAD CMakeFiles/maple_pio.dir/C_/Users/Mackie/Pico/pico-sdk/src/rp2_common/pico_standard_link/crt0.S.obj
LOAD CMakeFiles/maple_pio.dir/C_/Users/Mackie/Pico/pico-sdk/src/rp2_common/pico_standard_link/new_delete.cpp.obj
LOAD CMakeFiles/maple_pio.dir/C_/Users/Mackie/Pico/pico-sdk/src/rp2_common/pico_standard_link/binary_info.c.obj
LOAD CMakeFiles/maple_pio.dir/C_/Users/Mackie/Pico/pico-sdk/src/rp2_common/pico_stdio/stdio.c.obj
LOAD CMakeFiles/maple_pio.dir/C_/Users/Mackie/Pico/pico-sdk/src/rp2_common/pico_stdio_uart/stdio_uart.c.obj
LOAD CMakeFiles/maple_pio.dir/C_/Users/Mackie/Pico/pico-sdk/src/rp2_common/pico_multicore/multicore.c.obj
LOAD CMakeFiles/maple_pio.dir/C_/Users/Mackie/Pico/pico-sdk/src/rp2_common/hardware_adc/adc.c.obj
LOAD CMakeFiles/maple_pio.dir/C_/Users/Mackie/Pico/pico-sdk/src/rp2_common/hardware_pio/pio.c.obj
LOAD CMakeFiles/maple_pio.dir/C_/Users/Mackie/Pico/pico-sdk/src/rp2_common/hardware_dma/dma.c.obj
LOAD CMakeFiles/maple_pio.dir/C_/Users/Mackie/Pico/pico-sdk/src/rp2_common/hardware_i2c/i2c.c.obj
LOAD CMakeFiles/maple_pio.dir/C_/Users/Mackie/Pico/pico-sdk/src/rp2_common/hardware_spi/spi.c.obj
LOAD CMakeFiles/maple_pio.dir/C_/Users/Mackie/Pico/pico-sdk/src/rp2_common/hardware_flash/flash.c.obj
LOAD C:\Users\Mackie\AppData\Local\Temp\ccYNxqLP.o
LOAD c:/progra~2/gnuarm~1/102020~1/bin/../lib/gcc/arm-none-eabi/10.2.1/../../../../arm-none-eabi/lib/thumb/v6-m/nofp\libstdc++.a
LOAD c:/progra~2/gnuarm~1/102020~1/bin/../lib/gcc/arm-none-eabi/10.2.1/../../../../arm-none-eabi/lib/thumb/v6-m/nofp\libm.a
START GROUP
LOAD c:/progra~2/gnuarm~1/102020~1/bin/../lib/gcc/arm-none-eabi/10.2.1/thumb/v6-m/nofp\libgcc.a
LOAD c:/progra~2/gnuarm~1/102020~1/bin/../lib/gcc/arm-none-eabi/10.2.1/../../../../arm-none-eabi/lib/thumb/v6-m/nofp\libc.a
END GROUP
START GROUP
LOAD c:/progra~2/gnuarm~1/102020~1/bin/../lib/gcc/arm-none-eabi/10.2.1/thumb/v6-m/nofp\libgcc.a
LOAD c:/progra~2/gnuarm~1/102020~1/bin/../lib/gcc/arm-none-eabi/10.2.1/../../../../arm-none-eabi/lib/thumb/v6-m/nofp\libc.a
LOAD c:/progra~2/gnuarm~1/102020~1/bin/../lib/gcc/arm-none-eabi/10.2.1/../../../../arm-none-eabi/lib/thumb/v6-m/nofp\libnosys.a
END GROUP
LOAD c:/progra~2/gnuarm~1/102020~1/bin/../lib/gcc/arm-none-eabi/10.2.1/thumb/v6-m/nofp/crtend.o
LOAD c:/progra~2/gnuarm~1/102020~1/bin/../lib/gcc/arm-none-eabi/10.2.1/thumb/v6-m/nofp/crtn.o
OUTPUT(maple_pio.elf elf32-littlearm)
LOAD linker stubs

.ARM.attributes
                0x00000000       0x28
 .ARM.attributes
                0x00000000       0x1e c:/progra~2/gnuarm~1/102020~1/bin/../lib/gcc/arm-none-eabi/10.2.1/thumb/v6-m/nofp/crti.o
 .ARM.attributes
                0x0000001e       0x2c c:/progra~2/gnuarm~1/102020~1/bin/../lib/gcc/arm-none-eabi/10.2.1/thumb/v6-m/nofp/crtbegin.o
 .ARM.attributes
                0x0000004a       0x2c CMakeFiles/maple_pio.dir/src/maple.c.obj
 .ARM.attributes
                0x00000076       0x2c CMakeFiles/maple_pio.dir/src/state_machine.c.obj
 .ARM.attributes
                0x000000a2       0x2c CMakeFiles/maple_pio.dir/src/format.c.obj
 .ARM.attributes
                0x000000ce       0x2c CMakeFiles/maple_pio.dir/src/ssd1331.c.obj
 .ARM.attributes
                0x000000fa       0x2c CMakeFiles/maple_pio.dir/src/ssd1306.c.obj
 .ARM.attributes
                0x00000126       0x2c CMakeFiles/maple_pio.dir/C_/Users/Mackie/Pico/pico-sdk/src/rp2_common/hardware_gpio/gpio.c.obj
 .ARM.attributes
                0x00000152       0x2c CMakeFiles/maple_pio.dir/C_/Users/Mackie/Pico/pico-sdk/src/rp2_common/hardware_claim/claim.c.obj
 .ARM.attributes
                0x0000017e       0x2c CMakeFiles/maple_pio.dir/C_/Users/Mackie/Pico/pico-sdk/src/rp2_common/pico_platform/platform.c.obj
 .ARM.attributes
                0x000001aa       0x2c CMakeFiles/maple_pio.dir/C_/Users/Mackie/Pico/pico-sdk/src/rp2_common/hardware_sync/sync.c.obj
 .ARM.attributes
                0x000001d6       0x2c CMakeFiles/maple_pio.dir/C_/Users/Mackie/Pico/pico-sdk/src/rp2_common/hardware_uart/uart.c.obj
 .ARM.attributes
                0x00000202       0x2c CMakeFiles/maple_pio.dir/C_/Users/Mackie/Pico/pico-sdk/src/common/pico_time/time.c.obj
 .ARM.attributes
                0x0000022e       0x2c CMakeFiles/maple_pio.dir/C_/Users/Mackie/Pico/pico-sdk/src/rp2_common/hardware_timer/timer.c.obj
 .ARM.attributes
                0x0000025a       0x2c CMakeFiles/maple_pio.dir/C_/Users/Mackie/Pico/pico-sdk/src/common/pico_sync/lock_core.c.obj
 .ARM.attributes
                0x00000286       0x2c CMakeFiles/maple_pio.dir/C_/Users/Mackie/Pico/pico-sdk/src/common/pico_sync/mutex.c.obj
 .ARM.attributes
                0x000002b2       0x2c CMakeFiles/maple_pio.dir/C_/Users/Mackie/Pico/pico-sdk/src/common/pico_util/pheap.c.obj
 .ARM.attributes
                0x000002de       0x2c CMakeFiles/maple_pio.dir/C_/Users/Mackie/Pico/pico-sdk/src/rp2_common/pico_runtime/runtime.c.obj
 .ARM.attributes
                0x0000030a       0x2c CMakeFiles/maple_pio.dir/C_/Users/Mackie/Pico/pico-sdk/src/rp2_common/hardware_clocks/clocks.c.obj
 .ARM.attributes
                0x00000336       0x2c CMakeFiles/maple_pio.dir/C_/Users/Mackie/Pico/pico-sdk/src/rp2_common/hardware_irq/irq.c.obj
 .ARM.attributes
                0x00000362       0x22 CMakeFiles/maple_pio.dir/C_/Users/Mackie/Pico/pico-sdk/src/rp2_common/hardware_irq/irq_handler_chain.S.obj
 .ARM.attributes
                0x00000384       0x2c CMakeFiles/maple_pio.dir/C_/Users/Mackie/Pico/pico-sdk/src/rp2_common/hardware_pll/pll.c.obj
 .ARM.attributes
                0x000003b0       0x2c CMakeFiles/maple_pio.dir/C_/Users/Mackie/Pico/pico-sdk/src/rp2_common/hardware_watchdog/watchdog.c.obj
 .ARM.attributes
                0x000003dc       0x2c CMakeFiles/maple_pio.dir/C_/Users/Mackie/Pico/pico-sdk/src/rp2_common/hardware_xosc/xosc.c.obj
 .ARM.attributes
                0x00000408       0x2c CMakeFiles/maple_pio.dir/C_/Users/Mackie/Pico/pico-sdk/src/rp2_common/pico_printf/printf.c.obj
 .ARM.attributes
                0x00000434       0x22 CMakeFiles/maple_pio.dir/C_/Users/Mackie/Pico/pico-sdk/src/rp2_common/pico_bit_ops/bit_ops_aeabi.S.obj
 .ARM.attributes
                0x00000456       0x2c CMakeFiles/maple_pio.dir/C_/Users/Mackie/Pico/pico-sdk/src/rp2_common/pico_bootrom/bootrom.c.obj
 .ARM.attributes
                0x00000482       0x22 CMakeFiles/maple_pio.dir/C_/Users/Mackie/Pico/pico-sdk/src/rp2_common/pico_divider/divider.S.obj
 .ARM.attributes
                0x000004a4       0x22 CMakeFiles/maple_pio.dir/C_/Users/Mackie/Pico/pico-sdk/src/rp2_common/pico_double/double_aeabi.S.obj
 .ARM.attributes
                0x000004c6       0x2c CMakeFiles/maple_pio.dir/C_/Users/Mackie/Pico/pico-sdk/src/rp2_common/pico_double/double_init_rom.c.obj
 .ARM.attributes
                0x000004f2       0x22 CMakeFiles/maple_pio.dir/C_/Users/Mackie/Pico/pico-sdk/src/rp2_common/pico_double/double_v1_rom_shim.S.obj
 .ARM.attributes
                0x00000514       0x22 CMakeFiles/maple_pio.dir/C_/Users/Mackie/Pico/pico-sdk/src/rp2_common/pico_int64_ops/pico_int64_ops_aeabi.S.obj
 .ARM.attributes
                0x00000536       0x22 CMakeFiles/maple_pio.dir/C_/Users/Mackie/Pico/pico-sdk/src/rp2_common/pico_float/float_aeabi.S.obj
 .ARM.attributes
                0x00000558       0x2c CMakeFiles/maple_pio.dir/C_/Users/Mackie/Pico/pico-sdk/src/rp2_common/pico_float/float_init_rom.c.obj
 .ARM.attributes
                0x00000584       0x22 CMakeFiles/maple_pio.dir/C_/Users/Mackie/Pico/pico-sdk/src/rp2_common/pico_float/float_v1_rom_shim.S.obj
 .ARM.attributes
                0x000005a6       0x2c CMakeFiles/maple_pio.dir/C_/Users/Mackie/Pico/pico-sdk/src/rp2_common/pico_malloc/pico_malloc.c.obj
 .ARM.attributes
                0x000005d2       0x22 CMakeFiles/maple_pio.dir/C_/Users/Mackie/Pico/pico-sdk/src/rp2_common/pico_mem_ops/mem_ops_aeabi.S.obj
 .ARM.attributes
                0x000005f4       0x22 CMakeFiles/maple_pio.dir/C_/Users/Mackie/Pico/pico-sdk/src/rp2_common/pico_standard_link/crt0.S.obj
 .ARM.attributes
                0x00000616       0x32 CMakeFiles/maple_pio.dir/C_/Users/Mackie/Pico/pico-sdk/src/rp2_common/pico_standard_link/binary_info.c.obj
 .ARM.attributes
                0x00000648       0x2c CMakeFiles/maple_pio.dir/C_/Users/Mackie/Pico/pico-sdk/src/rp2_common/pico_stdio/stdio.c.obj
 .ARM.attributes
                0x00000674       0x2c CMakeFiles/maple_pio.dir/C_/Users/Mackie/Pico/pico-sdk/src/rp2_common/pico_stdio_uart/stdio_uart.c.obj
 .ARM.attributes
                0x000006a0       0x2c CMakeFiles/maple_pio.dir/C_/Users/Mackie/Pico/pico-sdk/src/rp2_common/pico_multicore/multicore.c.obj
 .ARM.attributes
                0x000006cc       0x2c CMakeFiles/maple_pio.dir/C_/Users/Mackie/Pico/pico-sdk/src/rp2_common/hardware_adc/adc.c.obj
 .ARM.attributes
                0x000006f8       0x2c CMakeFiles/maple_pio.dir/C_/Users/Mackie/Pico/pico-sdk/src/rp2_common/hardware_pio/pio.c.obj
 .ARM.attributes
                0x00000724       0x2c CMakeFiles/maple_pio.dir/C_/Users/Mackie/Pico/pico-sdk/src/rp2_common/hardware_dma/dma.c.obj
 .ARM.attributes
                0x00000750       0x2c CMakeFiles/maple_pio.dir/C_/Users/Mackie/Pico/pico-sdk/src/rp2_common/hardware_i2c/i2c.c.obj
 .ARM.attributes
                0x0000077c       0x2c CMakeFiles/maple_pio.dir/C_/Users/Mackie/Pico/pico-sdk/src/rp2_common/hardware_spi/spi.c.obj
 .ARM.attributes
                0x000007a8       0x2c CMakeFiles/maple_pio.dir/C_/Users/Mackie/Pico/pico-sdk/src/rp2_common/hardware_flash/flash.c.obj
 .ARM.attributes
                0x000007d4       0x22 C:\Users\Mackie\AppData\Local\Temp\ccYNxqLP.o
 .ARM.attributes
                0x000007f6       0x1e c:/progra~2/gnuarm~1/102020~1/bin/../lib/gcc/arm-none-eabi/10.2.1/thumb/v6-m/nofp\libgcc.a(_dvmd_tls.o)
 .ARM.attributes
                0x00000814       0x2c c:/progra~2/gnuarm~1/102020~1/bin/../lib/gcc/arm-none-eabi/10.2.1/../../../../arm-none-eabi/lib/thumb/v6-m/nofp\libc.a(lib_a-memcmp.o)
 .ARM.attributes
                0x00000840       0x2c c:/progra~2/gnuarm~1/102020~1/bin/../lib/gcc/arm-none-eabi/10.2.1/../../../../arm-none-eabi/lib/thumb/v6-m/nofp\libc.a(lib_a-strlen-stub.o)

.comment        0x00000000       0x4d
 .comment       0x00000000       0x4d CMakeFiles/maple_pio.dir/src/maple.c.obj
                                 0x4e (size before relaxing)
 .comment       0x0000004d       0x4e CMakeFiles/maple_pio.dir/src/state_machine.c.obj
 .comment       0x0000004d       0x4e CMakeFiles/maple_pio.dir/src/format.c.obj
 .comment       0x0000004d       0x4e CMakeFiles/maple_pio.dir/src/ssd1331.c.obj
 .comment       0x0000004d       0x4e CMakeFiles/maple_pio.dir/src/ssd1306.c.obj
 .comment       0x0000004d       0x4e CMakeFiles/maple_pio.dir/C_/Users/Mackie/Pico/pico-sdk/src/rp2_common/hardware_gpio/gpio.c.obj
 .comment       0x0000004d       0x4e CMakeFiles/maple_pio.dir/C_/Users/Mackie/Pico/pico-sdk/src/rp2_common/hardware_claim/claim.c.obj
 .comment       0x0000004d       0x4e CMakeFiles/maple_pio.dir/C_/Users/Mackie/Pico/pico-sdk/src/rp2_common/pico_platform/platform.c.obj
 .comment       0x0000004d       0x4e CMakeFiles/maple_pio.dir/C_/Users/Mackie/Pico/pico-sdk/src/rp2_common/hardware_sync/sync.c.obj
 .comment       0x0000004d       0x4e CMakeFiles/maple_pio.dir/C_/Users/Mackie/Pico/pico-sdk/src/rp2_common/hardware_uart/uart.c.obj
 .comment       0x0000004d       0x4e CMakeFiles/maple_pio.dir/C_/Users/Mackie/Pico/pico-sdk/src/common/pico_time/time.c.obj
 .comment       0x0000004d       0x4e CMakeFiles/maple_pio.dir/C_/Users/Mackie/Pico/pico-sdk/src/rp2_common/hardware_timer/timer.c.obj
 .comment       0x0000004d       0x4e CMakeFiles/maple_pio.dir/C_/Users/Mackie/Pico/pico-sdk/src/common/pico_sync/lock_core.c.obj
 .comment       0x0000004d       0x4e CMakeFiles/maple_pio.dir/C_/Users/Mackie/Pico/pico-sdk/src/common/pico_sync/mutex.c.obj
 .comment       0x0000004d       0x4e CMakeFiles/maple_pio.dir/C_/Users/Mackie/Pico/pico-sdk/src/common/pico_util/pheap.c.obj
 .comment       0x0000004d       0x4e CMakeFiles/maple_pio.dir/C_/Users/Mackie/Pico/pico-sdk/src/rp2_common/pico_runtime/runtime.c.obj
 .comment       0x0000004d       0x4e CMakeFiles/maple_pio.dir/C_/Users/Mackie/Pico/pico-sdk/src/rp2_common/hardware_clocks/clocks.c.obj
 .comment       0x0000004d       0x4e CMakeFiles/maple_pio.dir/C_/Users/Mackie/Pico/pico-sdk/src/rp2_common/hardware_irq/irq.c.obj
 .comment       0x0000004d       0x4e CMakeFiles/maple_pio.dir/C_/Users/Mackie/Pico/pico-sdk/src/rp2_common/hardware_pll/pll.c.obj
 .comment       0x0000004d       0x4e CMakeFiles/maple_pio.dir/C_/Users/Mackie/Pico/pico-sdk/src/rp2_common/hardware_watchdog/watchdog.c.obj
 .comment       0x0000004d       0x4e CMakeFiles/maple_pio.dir/C_/Users/Mackie/Pico/pico-sdk/src/rp2_common/hardware_xosc/xosc.c.obj
 .comment       0x0000004d       0x4e CMakeFiles/maple_pio.dir/C_/Users/Mackie/Pico/pico-sdk/src/rp2_common/pico_printf/printf.c.obj
 .comment       0x0000004d       0x4e CMakeFiles/maple_pio.dir/C_/Users/Mackie/Pico/pico-sdk/src/rp2_common/pico_bootrom/bootrom.c.obj
 .comment       0x0000004d       0x4e CMakeFiles/maple_pio.dir/C_/Users/Mackie/Pico/pico-sdk/src/rp2_common/pico_double/double_init_rom.c.obj
 .comment       0x0000004d       0x4e CMakeFiles/maple_pio.dir/C_/Users/Mackie/Pico/pico-sdk/src/rp2_common/pico_float/float_init_rom.c.obj
 .comment       0x0000004d       0x4e CMakeFiles/maple_pio.dir/C_/Users/Mackie/Pico/pico-sdk/src/rp2_common/pico_malloc/pico_malloc.c.obj
 .comment       0x0000004d       0x4e CMakeFiles/maple_pio.dir/C_/Users/Mackie/Pico/pico-sdk/src/rp2_common/pico_standard_link/binary_info.c.obj
 .comment       0x0000004d       0x4e CMakeFiles/maple_pio.dir/C_/Users/Mackie/Pico/pico-sdk/src/rp2_common/pico_stdio/stdio.c.obj
 .comment       0x0000004d       0x4e CMakeFiles/maple_pio.dir/C_/Users/Mackie/Pico/pico-sdk/src/rp2_common/pico_stdio_uart/stdio_uart.c.obj
 .comment       0x0000004d       0x4e CMakeFiles/maple_pio.dir/C_/Users/Mackie/Pico/pico-sdk/src/rp2_common/pico_multicore/multicore.c.obj
 .comment       0x0000004d       0x4e CMakeFiles/maple_pio.dir/C_/Users/Mackie/Pico/pico-sdk/src/rp2_common/hardware_adc/adc.c.obj
 .comment       0x0000004d       0x4e CMakeFiles/maple_pio.dir/C_/Users/Mackie/Pico/pico-sdk/src/rp2_common/hardware_pio/pio.c.obj
 .comment       0x0000004d       0x4e CMakeFiles/maple_pio.dir/C_/Users/Mackie/Pico/pico-sdk/src/rp2_common/hardware_dma/dma.c.obj
 .comment       0x0000004d       0x4e CMakeFiles/maple_pio.dir/C_/Users/Mackie/Pico/pico-sdk/src/rp2_common/hardware_i2c/i2c.c.obj
 .comment       0x0000004d       0x4e CMakeFiles/maple_pio.dir/C_/Users/Mackie/Pico/pico-sdk/src/rp2_common/hardware_spi/spi.c.obj
 .comment       0x0000004d       0x4e CMakeFiles/maple_pio.dir/C_/Users/Mackie/Pico/pico-sdk/src/rp2_common/hardware_flash/flash.c.obj

.debug_frame    0x00000000       0x54
 .debug_frame   0x00000000       0x2c c:/progra~2/gnuarm~1/102020~1/bin/../lib/gcc/arm-none-eabi/10.2.1/../../../../arm-none-eabi/lib/thumb/v6-m/nofp\libc.a(lib_a-memcmp.o)
 .debug_frame   0x0000002c       0x28 c:/progra~2/gnuarm~1/102020~1/bin/../lib/gcc/arm-none-eabi/10.2.1/../../../../arm-none-eabi/lib/thumb/v6-m/nofp\libc.a(lib_a-strlen-stub.o)
